../Core/Src/MB.c:126:6:MB1_Initialise	8	static
../Core/Src/MB.c:143:6:MB1_ConfigureUSART	8	static
../Core/Src/MB.c:165:6:MB1_ReadModuleInformation	4	static
../Core/Src/MB.c:176:6:MB1_SelectRS485Line	16	static
../Core/Src/MB.c:191:6:MB1_process	8	static
../Core/Src/MB.c:200:6:MB1_ReceiveQueryProcess	16	static
../Core/Src/MB.c:245:18:MB1_GetAddress_InputReg	4	static
../Core/Src/MB.c:251:18:MB1_GetAddress_HoldingReg	4	static
../Core/Src/MB.c:257:6:MB1_ReceiveQuery_F03	32	static
../Core/Src/MB.c:298:6:MB1_ReceiveQuery_F04	32	static
../Core/Src/MB.c:340:6:MB1_ReceiveQuery_F06	32	static
../Core/Src/MB.c:379:6:MB1_ReceiveQuery_F16	32	static
../Core/Src/MB.c:420:6:MB1_ReceiveQuery_F08	24	static
../Core/Src/MB.c:438:6:MB1_ReceiveQuery_F08_DC0	24	static
../Core/Src/MB.c:449:6:MB1_ExceptionCode	24	static
../Core/Src/MB.c:463:6:MB1_ReceiveQuery_F66	32	static
../Core/Src/MB.c:505:6:MB1_ReceiveQuery_F72	24	static
../Core/Src/MB.c:527:6:MB1_TransmitQuery	16	static
../Core/Src/MB.c:535:16:MB1_CRC	24	static
../Core/Src/MB.c:556:6:MB1_delay	16	static,ignoring_inline_asm
../Core/Src/MB.c:565:6:SetUSART2TxCount	16	static
../Core/Src/MB.c:575:6:MB1_SetUSART3TxEnable	16	static
../Core/Src/MB.c:585:6:GetUSART2RxCount	16	static
