../Core/Src/smart_metering.c:81:6:data_array	16	static
../Core/Src/smart_metering.c:92:6:BP35C5_process	8	static
../Core/Src/smart_metering.c:100:6:BP35C5_Send_Response	8	static
../Core/Src/smart_metering.c:109:6:BP35C5_SendResponse_process	24	static
../Core/Src/smart_metering.c:146:6:BP35C5_Receive_Query	8	static
../Core/Src/smart_metering.c:155:6:BP35C5_ReceiveFrame_process	16	static
../Core/Src/smart_metering.c:199:6:BP35C5_ReceiveDataFrame_F03	24	static
../Core/Src/smart_metering.c:227:6:BP35C5_tx_Response_F03	16	static
../Core/Src/smart_metering.c:243:6:BP35C5_ReceiveDataFrame_F04	24	static
../Core/Src/smart_metering.c:271:6:BP35C5_tx_Response_F04	16	static
../Core/Src/smart_metering.c:287:6:BP35C5_ReceiveDataFrame_F06	24	static
../Core/Src/smart_metering.c:313:6:BP35C5_tx_Response_F06	16	static
../Core/Src/smart_metering.c:329:6:BP35C5_ReceiveDataFrame_F16	24	static
../Core/Src/smart_metering.c:356:6:BP35C5_tx_Response_F16	16	static
../Core/Src/smart_metering.c:372:6:BP35C5_Valid_Response	8	static
../Core/Src/smart_metering.c:381:6:BP35C5_ResponseProcess	8	static
../Core/Src/smart_metering.c:396:6:BP35C5_tx_Response	4	static,ignoring_inline_asm
../Core/Src/smart_metering.c:401:6:BP35C5_NoResponse	8	static
../Core/Src/smart_metering.c:410:6:BP35C5_NoResponse_process	4	static,ignoring_inline_asm
../Core/Src/smart_metering.c:415:14:ASCII_2_hex	32	static
../Core/Src/smart_metering.c:437:6:hex_2_ASCII	24	static
