Archive member included to satisfy reference by file (symbol)

E:\STM32 workspace\smart_metering\Drivers\CMSIS\Lib\GCC\libarm_cortexM4lf_math.a(arm_rfft_fast_init_f32.o)
                              ./Core/Src/vmm.o (arm_rfft_fast_init_f32)
E:\STM32 workspace\smart_metering\Drivers\CMSIS\Lib\GCC\libarm_cortexM4lf_math.a(arm_rfft_fast_f32.o)
                              ./Core/Src/vmm.o (arm_rfft_fast_f32)
E:\STM32 workspace\smart_metering\Drivers\CMSIS\Lib\GCC\libarm_cortexM4lf_math.a(arm_cfft_f32.o)
                              E:\STM32 workspace\smart_metering\Drivers\CMSIS\Lib\GCC\libarm_cortexM4lf_math.a(arm_rfft_fast_f32.o) (arm_cfft_f32)
E:\STM32 workspace\smart_metering\Drivers\CMSIS\Lib\GCC\libarm_cortexM4lf_math.a(arm_bitreversal2.o)
                              E:\STM32 workspace\smart_metering\Drivers\CMSIS\Lib\GCC\libarm_cortexM4lf_math.a(arm_cfft_f32.o) (arm_bitreversal_32)
E:\STM32 workspace\smart_metering\Drivers\CMSIS\Lib\GCC\libarm_cortexM4lf_math.a(arm_common_tables.o)
                              E:\STM32 workspace\smart_metering\Drivers\CMSIS\Lib\GCC\libarm_cortexM4lf_math.a(arm_rfft_fast_init_f32.o) (twiddleCoef_rfft_4096)
E:\STM32 workspace\smart_metering\Drivers\CMSIS\Lib\GCC\libarm_cortexM4lf_math.a(arm_cfft_radix8_f32.o)
                              E:\STM32 workspace\smart_metering\Drivers\CMSIS\Lib\GCC\libarm_cortexM4lf_math.a(arm_cfft_f32.o) (arm_radix8_butterfly_f32)
C:/ST/STM32CubeIDE_1.13.1/STM32CubeIDE/plugins/com.st.stm32cube.ide.mcu.externaltools.gnu-tools-for-stm32.11.3.rel1.win32_1.1.0.202305231506/tools/bin/../lib/gcc/arm-none-eabi/11.3.1/../../../../arm-none-eabi/lib/thumb/v7e-m+fp/hard\libc_nano.a(libc_a-exit.o)
                              C:/ST/STM32CubeIDE_1.13.1/STM32CubeIDE/plugins/com.st.stm32cube.ide.mcu.externaltools.gnu-tools-for-stm32.11.3.rel1.win32_1.1.0.202305231506/tools/bin/../lib/gcc/arm-none-eabi/11.3.1/../../../../arm-none-eabi/lib/thumb/v7e-m+fp/hard/crt0.o (exit)
C:/ST/STM32CubeIDE_1.13.1/STM32CubeIDE/plugins/com.st.stm32cube.ide.mcu.externaltools.gnu-tools-for-stm32.11.3.rel1.win32_1.1.0.202305231506/tools/bin/../lib/gcc/arm-none-eabi/11.3.1/../../../../arm-none-eabi/lib/thumb/v7e-m+fp/hard\libc_nano.a(libc_a-findfp.o)
                              C:/ST/STM32CubeIDE_1.13.1/STM32CubeIDE/plugins/com.st.stm32cube.ide.mcu.externaltools.gnu-tools-for-stm32.11.3.rel1.win32_1.1.0.202305231506/tools/bin/../lib/gcc/arm-none-eabi/11.3.1/../../../../arm-none-eabi/lib/thumb/v7e-m+fp/hard\libc_nano.a(libc_a-exit.o) (__stdio_exit_handler)
C:/ST/STM32CubeIDE_1.13.1/STM32CubeIDE/plugins/com.st.stm32cube.ide.mcu.externaltools.gnu-tools-for-stm32.11.3.rel1.win32_1.1.0.202305231506/tools/bin/../lib/gcc/arm-none-eabi/11.3.1/../../../../arm-none-eabi/lib/thumb/v7e-m+fp/hard\libc_nano.a(libc_a-fwalk.o)
                              C:/ST/STM32CubeIDE_1.13.1/STM32CubeIDE/plugins/com.st.stm32cube.ide.mcu.externaltools.gnu-tools-for-stm32.11.3.rel1.win32_1.1.0.202305231506/tools/bin/../lib/gcc/arm-none-eabi/11.3.1/../../../../arm-none-eabi/lib/thumb/v7e-m+fp/hard\libc_nano.a(libc_a-findfp.o) (_fwalk_sglue)
C:/ST/STM32CubeIDE_1.13.1/STM32CubeIDE/plugins/com.st.stm32cube.ide.mcu.externaltools.gnu-tools-for-stm32.11.3.rel1.win32_1.1.0.202305231506/tools/bin/../lib/gcc/arm-none-eabi/11.3.1/../../../../arm-none-eabi/lib/thumb/v7e-m+fp/hard\libc_nano.a(libc_a-stdio.o)
                              C:/ST/STM32CubeIDE_1.13.1/STM32CubeIDE/plugins/com.st.stm32cube.ide.mcu.externaltools.gnu-tools-for-stm32.11.3.rel1.win32_1.1.0.202305231506/tools/bin/../lib/gcc/arm-none-eabi/11.3.1/../../../../arm-none-eabi/lib/thumb/v7e-m+fp/hard\libc_nano.a(libc_a-findfp.o) (__sread)
C:/ST/STM32CubeIDE_1.13.1/STM32CubeIDE/plugins/com.st.stm32cube.ide.mcu.externaltools.gnu-tools-for-stm32.11.3.rel1.win32_1.1.0.202305231506/tools/bin/../lib/gcc/arm-none-eabi/11.3.1/../../../../arm-none-eabi/lib/thumb/v7e-m+fp/hard\libc_nano.a(libc_a-memset.o)
                              C:/ST/STM32CubeIDE_1.13.1/STM32CubeIDE/plugins/com.st.stm32cube.ide.mcu.externaltools.gnu-tools-for-stm32.11.3.rel1.win32_1.1.0.202305231506/tools/bin/../lib/gcc/arm-none-eabi/11.3.1/../../../../arm-none-eabi/lib/thumb/v7e-m+fp/hard/crt0.o (memset)
C:/ST/STM32CubeIDE_1.13.1/STM32CubeIDE/plugins/com.st.stm32cube.ide.mcu.externaltools.gnu-tools-for-stm32.11.3.rel1.win32_1.1.0.202305231506/tools/bin/../lib/gcc/arm-none-eabi/11.3.1/../../../../arm-none-eabi/lib/thumb/v7e-m+fp/hard\libc_nano.a(libc_a-closer.o)
                              C:/ST/STM32CubeIDE_1.13.1/STM32CubeIDE/plugins/com.st.stm32cube.ide.mcu.externaltools.gnu-tools-for-stm32.11.3.rel1.win32_1.1.0.202305231506/tools/bin/../lib/gcc/arm-none-eabi/11.3.1/../../../../arm-none-eabi/lib/thumb/v7e-m+fp/hard\libc_nano.a(libc_a-stdio.o) (_close_r)
[...]
Memory Configuration

Name             Origin             Length             Attributes
RAM              0x0000000020000000 0x0000000000018000 xrw
RAM2             0x0000000010000000 0x0000000000008000 xrw
FLASH            0x0000000008000000 0x0000000000100000 xr
*default*        0x0000000000000000 0xffffffffffffffff

Linker script and memory map

LOAD C:/ST/STM32CubeIDE_1.13.1/STM32CubeIDE/plugins/com.st.stm32cube.ide.mcu.externaltools.gnu-tools-for-stm32.11.3.rel1.win32_1.1.0.202305231506/tools/bin/../lib/gcc/arm-none-eabi/11.3.1/thumb/v7e-m+fp/hard/crti.o
LOAD C:/ST/STM32CubeIDE_1.13.1/STM32CubeIDE/plugins/com.st.stm32cube.ide.mcu.externaltools.gnu-tools-for-stm32.11.3.rel1.win32_1.1.0.202305231506/tools/bin/../lib/gcc/arm-none-eabi/11.3.1/thumb/v7e-m+fp/hard/crtbegin.o
LOAD C:/ST/STM32CubeIDE_1.13.1/STM32CubeIDE/plugins/com.st.stm32cube.ide.mcu.externaltools.gnu-tools-for-stm32.11.3.rel1.win32_1.1.0.202305231506/tools/bin/../lib/gcc/arm-none-eabi/11.3.1/../../../../arm-none-eabi/lib/thumb/v7e-m+fp/hard/crt0.o
LOAD ./Core/Src/MB.o
LOAD ./Core/Src/Usart.o
LOAD ./Core/Src/call_back_functions.o
LOAD ./Core/Src/main.o
LOAD ./Core/Src/smart_metering.o
LOAD ./Core/Src/stm32l4xx_hal_msp.o
LOAD ./Core/Src/stm32l4xx_it.o
LOAD ./Core/Src/syscalls.o
LOAD ./Core/Src/sysmem.o
LOAD ./Core/Src/system_stm32l4xx.o
LOAD ./Core/Src/vmm.o
LOAD ./Core/Startup/startup_stm32l476rgtx.o
LOAD ./Drivers/STM32L4xx_HAL_Driver/Src/stm32l4xx_hal.o
LOAD ./Drivers/STM32L4xx_HAL_Driver/Src/stm32l4xx_hal_adc.o
LOAD ./Drivers/STM32L4xx_HAL_Driver/Src/stm32l4xx_hal_adc_ex.o
LOAD ./Drivers/STM32L4xx_HAL_Driver/Src/stm32l4xx_hal_cortex.o
LOAD ./Drivers/STM32L4xx_HAL_Driver/Src/stm32l4xx_hal_dma.o
LOAD ./Drivers/STM32L4xx_HAL_Driver/Src/stm32l4xx_hal_dma_ex.o
LOAD ./Drivers/STM32L4xx_HAL_Driver/Src/stm32l4xx_hal_exti.o
LOAD ./Drivers/STM32L4xx_HAL_Driver/Src/stm32l4xx_hal_flash.o
LOAD ./Drivers/STM32L4xx_HAL_Driver/Src/stm32l4xx_hal_flash_ex.o
LOAD ./Drivers/STM32L4xx_HAL_Driver/Src/stm32l4xx_hal_flash_ramfunc.o
LOAD ./Drivers/STM32L4xx_HAL_Driver/Src/stm32l4xx_hal_gpio.o
LOAD ./Drivers/STM32L4xx_HAL_Driver/Src/stm32l4xx_hal_pwr.o
LOAD ./Drivers/STM32L4xx_HAL_Driver/Src/stm32l4xx_hal_pwr_ex.o
LOAD ./Drivers/STM32L4xx_HAL_Driver/Src/stm32l4xx_hal_rcc.o
LOAD ./Drivers/STM32L4xx_HAL_Driver/Src/stm32l4xx_hal_rcc_ex.o
LOAD ./Drivers/STM32L4xx_HAL_Driver/Src/stm32l4xx_hal_tim.o
LOAD ./Drivers/STM32L4xx_HAL_Driver/Src/stm32l4xx_hal_tim_ex.o
LOAD ./Drivers/STM32L4xx_HAL_Driver/Src/stm32l4xx_hal_uart.o
LOAD ./Drivers/STM32L4xx_HAL_Driver/Src/stm32l4xx_hal_uart_ex.o
LOAD E:\STM32 workspace\smart_metering\Drivers\CMSIS\Lib\GCC\libarm_cortexM4lf_math.a
START GROUP
LOAD C:/ST/STM32CubeIDE_1.13.1/STM32CubeIDE/plugins/com.st.stm32cube.ide.mcu.externaltools.gnu-tools-for-stm32.11.3.rel1.win32_1.1.0.202305231506/tools/bin/../lib/gcc/arm-none-eabi/11.3.1/../../../../arm-none-eabi/lib/thumb/v7e-m+fp/hard\libc_nano.a
LOAD C:/ST/STM32CubeIDE_1.13.1/STM32CubeIDE/plugins/com.st.stm32cube.ide.mcu.externaltools.gnu-tools-for-stm32.11.3.rel1.win32_1.1.0.202305231506/tools/bin/../lib/gcc/arm-none-eabi/11.3.1/../../../../arm-none-eabi/lib/thumb/v7e-m+fp/hard\libm.a
END GROUP
START GROUP
LOAD C:/ST/STM32CubeIDE_1.13.1/STM32CubeIDE/plugins/com.st.stm32cube.ide.mcu.externaltools.gnu-tools-for-stm32.11.3.rel1.win32_1.1.0.202305231506/tools/bin/../lib/gcc/arm-none-eabi/11.3.1/thumb/v7e-m+fp/hard\libgcc.a
LOAD C:/ST/STM32CubeIDE_1.13.1/STM32CubeIDE/plugins/com.st.stm32cube.ide.mcu.externaltools.gnu-tools-for-stm32.11.3.rel1.win32_1.1.0.202305231506/tools/bin/../lib/gcc/arm-none-eabi/11.3.1/../../../../arm-none-eabi/lib/thumb/v7e-m+fp/hard\libc_nano.a
END GROUP
START GROUP
LOAD C:/ST/STM32CubeIDE_1.13.1/STM32CubeIDE/plugins/com.st.stm32cube.ide.mcu.externaltools.gnu-tools-for-stm32.11.3.rel1.win32_1.1.0.202305231506/tools/bin/../lib/gcc/arm-none-eabi/11.3.1/thumb/v7e-m+fp/hard\libgcc.a
LOAD C:/ST/STM32CubeIDE_1.13.1/STM32CubeIDE/plugins/com.st.stm32cube.ide.mcu.externaltools.gnu-tools-for-stm32.11.3.rel1.win32_1.1.0.202305231506/tools/bin/../lib/gcc/arm-none-eabi/11.3.1/../../../../arm-none-eabi/lib/thumb/v7e-m+fp/hard\libc_nano.a
LOAD C:/ST/STM32CubeIDE_1.13.1/STM32CubeIDE/plugins/com.st.stm32cube.ide.mcu.externaltools.gnu-tools-for-stm32.11.3.rel1.win32_1.1.0.202305231506/tools/bin/../lib/gcc/arm-none-eabi/11.3.1/../../../../arm-none-eabi/lib/thumb/v7e-m+fp/hard\libnosys.a
END GROUP
START GROUP
LOAD C:/ST/STM32CubeIDE_1.13.1/STM32CubeIDE/plugins/com.st.stm32cube.ide.mcu.externaltools.gnu-tools-for-stm32.11.3.rel1.win32_1.1.0.202305231506/tools/bin/../lib/gcc/arm-none-eabi/11.3.1/thumb/v7e-m+fp/hard\libgcc.a
LOAD C:/ST/STM32CubeIDE_1.13.1/STM32CubeIDE/plugins/com.st.stm32cube.ide.mcu.externaltools.gnu-tools-for-stm32.11.3.rel1.win32_1.1.0.202305231506/tools/bin/../lib/gcc/arm-none-eabi/11.3.1/../../../../arm-none-eabi/lib/thumb/v7e-m+fp/hard\libc_nano.a
LOAD C:/ST/STM32CubeIDE_1.13.1/STM32CubeIDE/plugins/com.st.stm32cube.ide.mcu.externaltools.gnu-tools-for-stm32.11.3.rel1.win32_1.1.0.202305231506/tools/bin/../lib/gcc/arm-none-eabi/11.3.1/../../../../arm-none-eabi/lib/thumb/v7e-m+fp/hard\libnosys.a
END GROUP
LOAD C:/ST/STM32CubeIDE_1.13.1/STM32CubeIDE/plugins/com.st.stm32cube.ide.mcu.externaltools.gnu-tools-for-stm32.11.3.rel1.win32_1.1.0.202305231506/tools/bin/../lib/gcc/arm-none-eabi/11.3.1/thumb/v7e-m+fp/hard/crtend.o
LOAD C:/ST/STM32CubeIDE_1.13.1/STM32CubeIDE/plugins/com.st.stm32cube.ide.mcu.externaltools.gnu-tools-for-stm32.11.3.rel1.win32_1.1.0.202305231506/tools/bin/../lib/gcc/arm-none-eabi/11.3.1/thumb/v7e-m+fp/hard/crtn.o
                0x0000000020018000                _estack = (ORIGIN (RAM) + LENGTH (RAM))
                0x0000000000000200                _Min_Heap_Size = 0x200
                0x0000000000000400                _Min_Stack_Size = 0x400

.isr_vector     0x0000000008000000      0x188
                0x0000000008000000                . = ALIGN (0x4)
 *(.isr_vector)
 .isr_vector    0x0000000008000000      0x188 ./Core/Startup/startup_stm32l476rgtx.o
                0x0000000008000000                g_pfnVectors
                0x0000000008000188                . = ALIGN (0x4)

.text           0x0000000008000188     0x97f8
                0x0000000008000188                . = ALIGN (0x4)
 *(.text)
 .text          0x0000000008000188       0x40 C:/ST/STM32CubeIDE_1.13.1/STM32CubeIDE/plugins/com.st.stm32cube.ide.mcu.externaltools.gnu-tools-for-stm32.11.3.rel1.win32_1.1.0.202305231506/tools/bin/../lib/gcc/arm-none-eabi/11.3.1/thumb/v7e-m+fp/hard/crtbegin.o
 .text          0x00000000080001c8      0x378 C:/ST/STM32CubeIDE_1.13.1/STM32CubeIDE/plugins/com.st.stm32cube.ide.mcu.externaltools.gnu-tools-for-stm32.11.3.rel1.win32_1.1.0.202305231506/tools/bin/../lib/gcc/arm-none-eabi/11.3.1/thumb/v7e-m+fp/hard\libgcc.a(_arm_addsubdf3.o)
                0x00000000080001c8                __aeabi_drsub
                0x00000000080001d0                __aeabi_dsub
                0x00000000080001d0                __subdf3
                0x00000000080001d4                __aeabi_dadd
                0x00000000080001d4                __adddf3
                0x000000000800044c                __floatunsidf
                0x000000000800044c                __aeabi_ui2d
                0x000000000800046c                __floatsidf
                0x000000000800046c                __aeabi_i2d
                0x0000000008000490                __aeabi_f2d
                0x0000000008000490                __extendsfdf2
                0x00000000080004d4                __floatundidf
                0x00000000080004d4                __aeabi_ul2d
                0x00000000080004e4                __floatdidf
                0x00000000080004e4                __aeabi_l2d
 .text          0x0000000008000540      0x424 C:/ST/STM32CubeIDE_1.13.1/STM32CubeIDE/plugins/com.st.stm32cube.ide.mcu.externaltools.gnu-tools-for-stm32.11.3.rel1.win32_1.1.0.202305231506/tools/bin/../lib/gcc/arm-none-eabi/11.3.1/thumb/v7e-m+fp/hard\libgcc.a(_arm_muldivdf3.o)
                0x0000000008000540                __aeabi_dmul
                0x0000000008000540                __muldf3
                0x0000000008000794                __divdf3
                0x0000000008000794                __aeabi_ddiv
 .text          0x0000000008000964      0x110 C:/ST/STM32CubeIDE_1.13.1/STM32CubeIDE/plugins/com.st.stm32cube.ide.mcu.externaltools.gnu-tools-for-stm32.11.3.rel1.win32_1.1.0.202305231506/tools/bin/../lib/gcc/arm-none-eabi/11.3.1/thumb/v7e-m+fp/hard\libgcc.a(_arm_cmpdf2.o)
                0x0000000008000964                __gtdf2
                0x0000000008000964                __gedf2
                0x000000000800096c                __ltdf2
                0x000000000800096c                __ledf2
                0x0000000008000974                __nedf2
                0x0000000008000974                __eqdf2
                0x0000000008000974                __cmpdf2
                0x00000000080009f0                __aeabi_cdrcmple
                0x0000000008000a00                __aeabi_cdcmpeq
                0x0000000008000a00                __aeabi_cdcmple
                0x0000000008000a10                __aeabi_dcmpeq
                0x0000000008000a24                __aeabi_dcmplt
                0x0000000008000a38                __aeabi_dcmple
                0x0000000008000a4c                __aeabi_dcmpge
                0x0000000008000a60                __aeabi_dcmpgt
 .text          0x0000000008000a74       0x2c C:/ST/STM32CubeIDE_1.13.1/STM32CubeIDE/plugins/com.st.stm32cube.ide.mcu.externaltools.gnu-tools-for-stm32.11.3.rel1.win32_1.1.0.202305231506/tools/bin/../lib/gcc/arm-none-eabi/11.3.1/thumb/v7e-m+fp/hard\libgcc.a(_arm_unorddf2.o)
                0x0000000008000a74                __unorddf2
                0x0000000008000a74                __aeabi_dcmpun
 .text          0x0000000008000aa0       0xa0 C:/ST/STM32CubeIDE_1.13.1/STM32CubeIDE/plugins/com.st.stm32cube.ide.mcu.externaltools.gnu-tools-for-stm32.11.3.rel1.win32_1.1.0.202305231506/tools/bin/../lib/gcc/arm-none-eabi/11.3.1/thumb/v7e-m+fp/hard\libgcc.a(_arm_truncdfsf2.o)
                0x0000000008000aa0                __truncdfsf2
                0x0000000008000aa0                __aeabi_d2f
 .text          0x0000000008000b40       0x30 C:/ST/STM32CubeIDE_1.13.1/STM32CubeIDE/plugins/com.st.stm32cube.ide.mcu.externaltools.gnu-tools-for-stm32.11.3.rel1.win32_1.1.0.202305231506/tools/bin/../lib/gcc/arm-none-eabi/11.3.1/thumb/v7e-m+fp/hard\libgcc.a(_aeabi_uldivmod.o)
                0x0000000008000b40                __aeabi_uldivmod
 .text          0x0000000008000b70      0x2c8 C:/ST/STM32CubeIDE_1.13.1/STM32CubeIDE/plugins/com.st.stm32cube.ide.mcu.externaltools.gnu-tools-for-stm32.11.3.rel1.win32_1.1.0.202305231506/tools/bin/../lib/gcc/arm-none-eabi/11.3.1/thumb/v7e-m+fp/hard\libgcc.a(_udivmoddi4.o)
                0x0000000008000b70                __udivmoddi4
 .text          0x0000000008000e38        0x4 C:/ST/STM32CubeIDE_1.13.1/STM32CubeIDE/plugins/com.st.stm32cube.ide.mcu.externaltools.gnu-tools-for-stm32.11.3.rel1.win32_1.1.0.202305231506/tools/bin/../lib/gcc/arm-none-eabi/11.3.1/thumb/v7e-m+fp/hard\libgcc.a(_dvmd_tls.o)
                0x0000000008000e38                __aeabi_idiv0
                0x0000000008000e38                __aeabi_ldiv0
 *(.text*)
 .text.MB1_SelectRS485Line
                0x0000000008000e3c       0x3a ./Core/Src/MB.o
                0x0000000008000e3c                MB1_SelectRS485Line
 *fill*         0x0000000008000e76        0x2 
 .text.GetUSART2RxCount
                0x0000000008000e78       0x5c ./Core/Src/MB.o
                0x0000000008000e78                GetUSART2RxCount
 .text.USART2_IRQHandler
                0x0000000008000ed4       0x14 ./Core/Src/Usart.o
                0x0000000008000ed4                USART2_IRQHandler
 .text.USART3_IRQHandler
                0x0000000008000ee8       0x14 ./Core/Src/Usart.o
                0x0000000008000ee8                USART3_IRQHandler
 .text.HAL_UART_RxCpltCallback
                0x0000000008000efc      0x108 ./Core/Src/call_back_functions.o
                0x0000000008000efc                HAL_UART_RxCpltCallback
 .text.HAL_UART_TxCpltCallback
                0x0000000008001004       0xb4 ./Core/Src/call_back_functions.o
                0x0000000008001004                HAL_UART_TxCpltCallback
 .text.HAL_TIM_PeriodElapsedCallback
                0x00000000080010b8       0xa8 ./Core/Src/call_back_functions.o
                0x00000000080010b8                HAL_TIM_PeriodElapsedCallback
 .text.HAL_ADC_ConvCpltCallback
                0x0000000008001160       0x20 ./Core/Src/call_back_functions.o
                0x0000000008001160                HAL_ADC_ConvCpltCallback
 .text.main     0x0000000008001180       0x78 ./Core/Src/main.o
                0x0000000008001180                main
 .text.SystemClock_Config
                0x00000000080011f8       0xa2 ./Core/Src/main.o
                0x00000000080011f8                SystemClock_Config
 *fill*         0x000000000800129a        0x2 
 .text.MX_ADC3_Init
                0x000000000800129c       0xcc ./Core/Src/main.o
 .text.MX_TIM1_Init
                0x0000000008001368      0x118 ./Core/Src/main.o
 .text.MX_TIM7_Init
                0x0000000008001480       0x80 ./Core/Src/main.o
                0x0000000008001480                MX_TIM7_Init
 .text.MX_TIM16_Init
                0x0000000008001500       0x64 ./Core/Src/main.o
                0x0000000008001500                MX_TIM16_Init
 .text.MX_TIM17_Init
                0x0000000008001564       0x64 ./Core/Src/main.o
                0x0000000008001564                MX_TIM17_Init
 .text.MX_USART1_UART_Init
                0x00000000080015c8       0x60 ./Core/Src/main.o
 .text.MX_USART2_UART_Init
                0x0000000008001628       0x60 ./Core/Src/main.o
 .text.MX_DMA_Init
                0x0000000008001688       0x3c ./Core/Src/main.o
 .text.MX_GPIO_Init
                0x00000000080016c4       0xcc ./Core/Src/main.o
 .text.Error_Handler
                0x0000000008001790        0xa ./Core/Src/main.o
                0x0000000008001790                Error_Handler
 *fill*         0x000000000800179a        0x2 
 .text.data_array
                0x000000000800179c       0x48 ./Core/Src/smart_metering.o
                0x000000000800179c                data_array
 .text.BP35C5_process
                0x00000000080017e4        0xc ./Core/Src/smart_metering.o
                0x00000000080017e4                BP35C5_process
 .text.BP35C5_Send_Response
                0x00000000080017f0       0x24 ./Core/Src/smart_metering.o
                0x00000000080017f0                BP35C5_Send_Response
 .text.BP35C5_SendResponse_process
                0x0000000008001814      0x190 ./Core/Src/smart_metering.o
                0x0000000008001814                BP35C5_SendResponse_process
 .text.BP35C5_tx_Response_F04
                0x00000000080019a4       0x94 ./Core/Src/smart_metering.o
                0x00000000080019a4                BP35C5_tx_Response_F04
 .text.hex_2_ASCII
                0x0000000008001a38       0x84 ./Core/Src/smart_metering.o
                0x0000000008001a38                hex_2_ASCII
 .text.HAL_MspInit
                0x0000000008001abc       0x54 ./Core/Src/stm32l4xx_hal_msp.o
                0x0000000008001abc                HAL_MspInit
 .text.HAL_ADC_MspInit
                0x0000000008001b10      0x130 ./Core/Src/stm32l4xx_hal_msp.o
                0x0000000008001b10                HAL_ADC_MspInit
 .text.HAL_TIM_PWM_MspInit
                0x0000000008001c40       0x5c ./Core/Src/stm32l4xx_hal_msp.o
                0x0000000008001c40                HAL_TIM_PWM_MspInit
 .text.HAL_TIM_Base_MspInit
                0x0000000008001c9c       0xbc ./Core/Src/stm32l4xx_hal_msp.o
                0x0000000008001c9c                HAL_TIM_Base_MspInit
 .text.HAL_TIM_Base_MspDeInit
                0x0000000008001d58       0x6c ./Core/Src/stm32l4xx_hal_msp.o
                0x0000000008001d58                HAL_TIM_Base_MspDeInit
 .text.HAL_UART_MspInit
                0x0000000008001dc4      0x164 ./Core/Src/stm32l4xx_hal_msp.o
                0x0000000008001dc4                HAL_UART_MspInit
 .text.NMI_Handler
                0x0000000008001f28        0x6 ./Core/Src/stm32l4xx_it.o
                0x0000000008001f28                NMI_Handler
 .text.HardFault_Handler
                0x0000000008001f2e        0x6 ./Core/Src/stm32l4xx_it.o
                0x0000000008001f2e                HardFault_Handler
 .text.MemManage_Handler
                0x0000000008001f34        0x6 ./Core/Src/stm32l4xx_it.o
                0x0000000008001f34                MemManage_Handler
 .text.BusFault_Handler
                0x0000000008001f3a        0x6 ./Core/Src/stm32l4xx_it.o
                0x0000000008001f3a                BusFault_Handler
 .text.UsageFault_Handler
                0x0000000008001f40        0x6 ./Core/Src/stm32l4xx_it.o
                0x0000000008001f40                UsageFault_Handler
 .text.SVC_Handler
                0x0000000008001f46        0xe ./Core/Src/stm32l4xx_it.o
                0x0000000008001f46                SVC_Handler
 .text.DebugMon_Handler
                0x0000000008001f54        0xe ./Core/Src/stm32l4xx_it.o
                0x0000000008001f54                DebugMon_Handler
 .text.PendSV_Handler
                0x0000000008001f62        0xe ./Core/Src/stm32l4xx_it.o
                0x0000000008001f62                PendSV_Handler
 .text.SysTick_Handler
                0x0000000008001f70        0xc ./Core/Src/stm32l4xx_it.o
                0x0000000008001f70                SysTick_Handler
 .text.FLASH_IRQHandler
                0x0000000008001f7c        0xc ./Core/Src/stm32l4xx_it.o
                0x0000000008001f7c                FLASH_IRQHandler
 .text.DMA1_Channel3_IRQHandler
                0x0000000008001f88       0x14 ./Core/Src/stm32l4xx_it.o
                0x0000000008001f88                DMA1_Channel3_IRQHandler
 .text.TIM1_UP_TIM16_IRQHandler
                0x0000000008001f9c       0x1c ./Core/Src/stm32l4xx_it.o
                0x0000000008001f9c                TIM1_UP_TIM16_IRQHandler
 .text.TIM1_TRG_COM_TIM17_IRQHandler
                0x0000000008001fb8       0x1c ./Core/Src/stm32l4xx_it.o
                0x0000000008001fb8                TIM1_TRG_COM_TIM17_IRQHandler
 .text.USART1_IRQHandler
                0x0000000008001fd4       0x14 ./Core/Src/stm32l4xx_it.o
                0x0000000008001fd4                USART1_IRQHandler
 .text.TIM7_IRQHandler
                0x0000000008001fe8       0x14 ./Core/Src/stm32l4xx_it.o
                0x0000000008001fe8                TIM7_IRQHandler
 .text.SystemInit
                0x0000000008001ffc       0x24 ./Core/Src/system_stm32l4xx.o
                0x0000000008001ffc                SystemInit
 .text.vmm_process
                0x0000000008002020       0x40 ./Core/Src/vmm.o
                0x0000000008002020                vmm_process
 .text.VMM_RemoveDC
                0x0000000008002060       0xbc ./Core/Src/vmm.o
                0x0000000008002060                VMM_RemoveDC
 .text.VMM_rms  0x000000000800211c       0xb4 ./Core/Src/vmm.o
                0x000000000800211c                VMM_rms
 .text.FFT_initialization
                0x00000000080021d0       0x30 ./Core/Src/vmm.o
                0x00000000080021d0                FFT_initialization
 .text.perform_fft
                0x0000000008002200       0xd4 ./Core/Src/vmm.o
                0x0000000008002200                perform_fft
 .text.Reset_Handler
                0x00000000080022d4       0x50 ./Core/Startup/startup_stm32l476rgtx.o
                0x00000000080022d4                Reset_Handler
 .text.Default_Handler
                0x0000000008002324        0x2 ./Core/Startup/startup_stm32l476rgtx.o
                0x0000000008002324                RTC_Alarm_IRQHandler
                0x0000000008002324                EXTI2_IRQHandler
                0x0000000008002324                TIM8_TRG_COM_IRQHandler
                0x0000000008002324                TIM8_CC_IRQHandler
                0x0000000008002324                TIM1_CC_IRQHandler
                0x0000000008002324                TSC_IRQHandler
                0x0000000008002324                TAMP_STAMP_IRQHandler
                0x0000000008002324                EXTI3_IRQHandler
                0x0000000008002324                LPTIM2_IRQHandler
                0x0000000008002324                DFSDM1_FLT1_IRQHandler
                0x0000000008002324                I2C3_ER_IRQHandler
                0x0000000008002324                DFSDM1_FLT2_IRQHandler
                0x0000000008002324                EXTI0_IRQHandler
                0x0000000008002324                I2C2_EV_IRQHandler
                0x0000000008002324                CAN1_RX0_IRQHandler
                0x0000000008002324                FPU_IRQHandler
                0x0000000008002324                ADC1_2_IRQHandler
                0x0000000008002324                SPI1_IRQHandler
                0x0000000008002324                TIM6_DAC_IRQHandler
                0x0000000008002324                TIM8_UP_IRQHandler
                0x0000000008002324                DMA2_Channel2_IRQHandler
                0x0000000008002324                DMA1_Channel4_IRQHandler
                0x0000000008002324                SAI2_IRQHandler
                0x0000000008002324                DFSDM1_FLT3_IRQHandler
                0x0000000008002324                DMA1_Channel7_IRQHandler
                0x0000000008002324                CAN1_RX1_IRQHandler
                0x0000000008002324                LCD_IRQHandler
                0x0000000008002324                UART5_IRQHandler
                0x0000000008002324                ADC3_IRQHandler
                0x0000000008002324                TIM4_IRQHandler
                0x0000000008002324                DMA2_Channel1_IRQHandler
                0x0000000008002324                QUADSPI_IRQHandler
                0x0000000008002324                I2C1_EV_IRQHandler
                0x0000000008002324                DMA1_Channel6_IRQHandler
                0x0000000008002324                UART4_IRQHandler
                0x0000000008002324                DMA2_Channel4_IRQHandler
                0x0000000008002324                TIM3_IRQHandler
                0x0000000008002324                RCC_IRQHandler
                0x0000000008002324                DMA1_Channel1_IRQHandler
                0x0000000008002324                Default_Handler
                0x0000000008002324                DMA2_Channel7_IRQHandler
                0x0000000008002324                EXTI15_10_IRQHandler
                0x0000000008002324                SDMMC1_IRQHandler
                0x0000000008002324                TIM5_IRQHandler
                0x0000000008002324                I2C3_EV_IRQHandler
                0x0000000008002324                EXTI9_5_IRQHandler
                0x0000000008002324                RTC_WKUP_IRQHandler
                0x0000000008002324                PVD_PVM_IRQHandler
                0x0000000008002324                SPI2_IRQHandler
                0x0000000008002324                CAN1_TX_IRQHandler
                0x0000000008002324                DMA2_Channel5_IRQHandler
                0x0000000008002324                DMA1_Channel5_IRQHandler
                0x0000000008002324                EXTI4_IRQHandler
                0x0000000008002324                RNG_IRQHandler
                0x0000000008002324                COMP_IRQHandler
                0x0000000008002324                WWDG_IRQHandler
                0x0000000008002324                LPUART1_IRQHandler
                0x0000000008002324                DMA2_Channel6_IRQHandler
                0x0000000008002324                TIM2_IRQHandler
                0x0000000008002324                EXTI1_IRQHandler
                0x0000000008002324                DFSDM1_FLT0_IRQHandler
                0x0000000008002324                I2C2_ER_IRQHandler
                0x0000000008002324                DMA1_Channel2_IRQHandler
                0x0000000008002324                TIM8_BRK_IRQHandler
                0x0000000008002324                CAN1_SCE_IRQHandler
                0x0000000008002324                OTG_FS_IRQHandler
                0x0000000008002324                SPI3_IRQHandler
                0x0000000008002324                I2C1_ER_IRQHandler
                0x0000000008002324                FMC_IRQHandler
                0x0000000008002324                SWPMI1_IRQHandler
                0x0000000008002324                LPTIM1_IRQHandler
                0x0000000008002324                SAI1_IRQHandler
                0x0000000008002324                DMA2_Channel3_IRQHandler
                0x0000000008002324                TIM1_BRK_TIM15_IRQHandler
 *fill*         0x0000000008002326        0x2 
 .text.HAL_Init
                0x0000000008002328       0x40 ./Drivers/STM32L4xx_HAL_Driver/Src/stm32l4xx_hal.o
                0x0000000008002328                HAL_Init
 .text.HAL_InitTick
                0x0000000008002368       0x78 ./Drivers/STM32L4xx_HAL_Driver/Src/stm32l4xx_hal.o
                0x0000000008002368                HAL_InitTick
 .text.HAL_IncTick
                0x00000000080023e0       0x28 ./Drivers/STM32L4xx_HAL_Driver/Src/stm32l4xx_hal.o
                0x00000000080023e0                HAL_IncTick
 .text.HAL_GetTick
                0x0000000008002408       0x18 ./Drivers/STM32L4xx_HAL_Driver/Src/stm32l4xx_hal.o
                0x0000000008002408                HAL_GetTick
 .text.LL_ADC_SetCommonClock
                0x0000000008002420       0x26 ./Drivers/STM32L4xx_HAL_Driver/Src/stm32l4xx_hal_adc.o
 .text.LL_ADC_SetCommonPathInternalCh
                0x0000000008002446       0x26 ./Drivers/STM32L4xx_HAL_Driver/Src/stm32l4xx_hal_adc.o
 .text.LL_ADC_GetCommonPathInternalCh
                0x000000000800246c       0x1c ./Drivers/STM32L4xx_HAL_Driver/Src/stm32l4xx_hal_adc.o
 .text.LL_ADC_SetOffset
                0x0000000008002488       0x48 ./Drivers/STM32L4xx_HAL_Driver/Src/stm32l4xx_hal_adc.o
 .text.LL_ADC_GetOffsetChannel
                0x00000000080024d0       0x2c ./Drivers/STM32L4xx_HAL_Driver/Src/stm32l4xx_hal_adc.o
 .text.LL_ADC_SetOffsetState
                0x00000000080024fc       0x36 ./Drivers/STM32L4xx_HAL_Driver/Src/stm32l4xx_hal_adc.o
 .text.LL_ADC_REG_IsTriggerSourceSWStart
                0x0000000008002532       0x26 ./Drivers/STM32L4xx_HAL_Driver/Src/stm32l4xx_hal_adc.o
 .text.LL_ADC_REG_SetSequencerRanks
                0x0000000008002558       0x58 ./Drivers/STM32L4xx_HAL_Driver/Src/stm32l4xx_hal_adc.o
 .text.LL_ADC_SetChannelSamplingTime
                0x00000000080025b0       0x56 ./Drivers/STM32L4xx_HAL_Driver/Src/stm32l4xx_hal_adc.o
 *fill*         0x0000000008002606        0x2 
 .text.LL_ADC_SetChannelSingleDiff
                0x0000000008002608       0x48 ./Drivers/STM32L4xx_HAL_Driver/Src/stm32l4xx_hal_adc.o
 .text.LL_ADC_GetMultimode
                0x0000000008002650       0x1c ./Drivers/STM32L4xx_HAL_Driver/Src/stm32l4xx_hal_adc.o
 .text.LL_ADC_DisableDeepPowerDown
                0x000000000800266c       0x24 ./Drivers/STM32L4xx_HAL_Driver/Src/stm32l4xx_hal_adc.o
 .text.LL_ADC_IsDeepPowerDownEnabled
                0x0000000008002690       0x28 ./Drivers/STM32L4xx_HAL_Driver/Src/stm32l4xx_hal_adc.o
 .text.LL_ADC_EnableInternalRegulator
                0x00000000080026b8       0x28 ./Drivers/STM32L4xx_HAL_Driver/Src/stm32l4xx_hal_adc.o
 .text.LL_ADC_IsInternalRegulatorEnabled
                0x00000000080026e0       0x28 ./Drivers/STM32L4xx_HAL_Driver/Src/stm32l4xx_hal_adc.o
 .text.LL_ADC_Enable
                0x0000000008002708       0x28 ./Drivers/STM32L4xx_HAL_Driver/Src/stm32l4xx_hal_adc.o
 .text.LL_ADC_IsEnabled
                0x0000000008002730       0x26 ./Drivers/STM32L4xx_HAL_Driver/Src/stm32l4xx_hal_adc.o
 .text.LL_ADC_REG_StartConversion
                0x0000000008002756       0x28 ./Drivers/STM32L4xx_HAL_Driver/Src/stm32l4xx_hal_adc.o
 .text.LL_ADC_REG_IsConversionOngoing
                0x000000000800277e       0x26 ./Drivers/STM32L4xx_HAL_Driver/Src/stm32l4xx_hal_adc.o
 .text.LL_ADC_INJ_IsConversionOngoing
                0x00000000080027a4       0x26 ./Drivers/STM32L4xx_HAL_Driver/Src/stm32l4xx_hal_adc.o
 *fill*         0x00000000080027ca        0x2 
 .text.HAL_ADC_Init
                0x00000000080027cc      0x2a0 ./Drivers/STM32L4xx_HAL_Driver/Src/stm32l4xx_hal_adc.o
                0x00000000080027cc                HAL_ADC_Init
 .text.HAL_ADC_Start_DMA
                0x0000000008002a6c      0x178 ./Drivers/STM32L4xx_HAL_Driver/Src/stm32l4xx_hal_adc.o
                0x0000000008002a6c                HAL_ADC_Start_DMA
 .text.HAL_ADC_ConvHalfCpltCallback
                0x0000000008002be4       0x14 ./Drivers/STM32L4xx_HAL_Driver/Src/stm32l4xx_hal_adc.o
                0x0000000008002be4                HAL_ADC_ConvHalfCpltCallback
 .text.HAL_ADC_ErrorCallback
                0x0000000008002bf8       0x14 ./Drivers/STM32L4xx_HAL_Driver/Src/stm32l4xx_hal_adc.o
                0x0000000008002bf8                HAL_ADC_ErrorCallback
 .text.HAL_ADC_ConfigChannel
                0x0000000008002c0c      0x7e4 ./Drivers/STM32L4xx_HAL_Driver/Src/stm32l4xx_hal_adc.o
                0x0000000008002c0c                HAL_ADC_ConfigChannel
 .text.ADC_Enable
                0x00000000080033f0      0x10c ./Drivers/STM32L4xx_HAL_Driver/Src/stm32l4xx_hal_adc.o
                0x00000000080033f0                ADC_Enable
 .text.ADC_DMAConvCplt
                0x00000000080034fc       0xd8 ./Drivers/STM32L4xx_HAL_Driver/Src/stm32l4xx_hal_adc.o
                0x00000000080034fc                ADC_DMAConvCplt
 .text.ADC_DMAHalfConvCplt
                0x00000000080035d4       0x1c ./Drivers/STM32L4xx_HAL_Driver/Src/stm32l4xx_hal_adc.o
                0x00000000080035d4                ADC_DMAHalfConvCplt
 .text.ADC_DMAError
                0x00000000080035f0       0x34 ./Drivers/STM32L4xx_HAL_Driver/Src/stm32l4xx_hal_adc.o
                0x00000000080035f0                ADC_DMAError
 .text.__NVIC_SetPriorityGrouping
                0x0000000008003624       0x48 ./Drivers/STM32L4xx_HAL_Driver/Src/stm32l4xx_hal_cortex.o
 .text.__NVIC_GetPriorityGrouping
                0x000000000800366c       0x1c ./Drivers/STM32L4xx_HAL_Driver/Src/stm32l4xx_hal_cortex.o
 .text.__NVIC_EnableIRQ
                0x0000000008003688       0x3c ./Drivers/STM32L4xx_HAL_Driver/Src/stm32l4xx_hal_cortex.o
 .text.__NVIC_DisableIRQ
                0x00000000080036c4       0x48 ./Drivers/STM32L4xx_HAL_Driver/Src/stm32l4xx_hal_cortex.o
 .text.__NVIC_SetPriority
                0x000000000800370c       0x54 ./Drivers/STM32L4xx_HAL_Driver/Src/stm32l4xx_hal_cortex.o
 .text.NVIC_EncodePriority
                0x0000000008003760       0x66 ./Drivers/STM32L4xx_HAL_Driver/Src/stm32l4xx_hal_cortex.o
 *fill*         0x00000000080037c6        0x2 
 .text.SysTick_Config
                0x00000000080037c8       0x44 ./Drivers/STM32L4xx_HAL_Driver/Src/stm32l4xx_hal_cortex.o
 .text.HAL_NVIC_SetPriorityGrouping
                0x000000000800380c       0x16 ./Drivers/STM32L4xx_HAL_Driver/Src/stm32l4xx_hal_cortex.o
                0x000000000800380c                HAL_NVIC_SetPriorityGrouping
 .text.HAL_NVIC_SetPriority
                0x0000000008003822       0x38 ./Drivers/STM32L4xx_HAL_Driver/Src/stm32l4xx_hal_cortex.o
                0x0000000008003822                HAL_NVIC_SetPriority
 .text.HAL_NVIC_EnableIRQ
                0x000000000800385a       0x1c ./Drivers/STM32L4xx_HAL_Driver/Src/stm32l4xx_hal_cortex.o
                0x000000000800385a                HAL_NVIC_EnableIRQ
 .text.HAL_NVIC_DisableIRQ
                0x0000000008003876       0x1c ./Drivers/STM32L4xx_HAL_Driver/Src/stm32l4xx_hal_cortex.o
                0x0000000008003876                HAL_NVIC_DisableIRQ
 .text.HAL_SYSTICK_Config
                0x0000000008003892       0x18 ./Drivers/STM32L4xx_HAL_Driver/Src/stm32l4xx_hal_cortex.o
                0x0000000008003892                HAL_SYSTICK_Config
 *fill*         0x00000000080038aa        0x2 
 .text.HAL_DMA_Init
                0x00000000080038ac      0x170 ./Drivers/STM32L4xx_HAL_Driver/Src/stm32l4xx_hal_dma.o
                0x00000000080038ac                HAL_DMA_Init
 .text.HAL_DMA_Start_IT
                0x0000000008003a1c       0xc0 ./Drivers/STM32L4xx_HAL_Driver/Src/stm32l4xx_hal_dma.o
                0x0000000008003a1c                HAL_DMA_Start_IT
 .text.HAL_DMA_Abort
                0x0000000008003adc       0x7c ./Drivers/STM32L4xx_HAL_Driver/Src/stm32l4xx_hal_dma.o
                0x0000000008003adc                HAL_DMA_Abort
 .text.HAL_DMA_Abort_IT
                0x0000000008003b58       0x82 ./Drivers/STM32L4xx_HAL_Driver/Src/stm32l4xx_hal_dma.o
                0x0000000008003b58                HAL_DMA_Abort_IT
 .text.HAL_DMA_IRQHandler
                0x0000000008003bda      0x15e ./Drivers/STM32L4xx_HAL_Driver/Src/stm32l4xx_hal_dma.o
                0x0000000008003bda                HAL_DMA_IRQHandler
 .text.DMA_SetConfig
                0x0000000008003d38       0x60 ./Drivers/STM32L4xx_HAL_Driver/Src/stm32l4xx_hal_dma.o
 .text.HAL_FLASH_IRQHandler
                0x0000000008003d98      0x1b0 ./Drivers/STM32L4xx_HAL_Driver/Src/stm32l4xx_hal_flash.o
                0x0000000008003d98                HAL_FLASH_IRQHandler
 .text.HAL_FLASH_EndOfOperationCallback
                0x0000000008003f48       0x14 ./Drivers/STM32L4xx_HAL_Driver/Src/stm32l4xx_hal_flash.o
                0x0000000008003f48                HAL_FLASH_EndOfOperationCallback
 .text.HAL_FLASH_OperationErrorCallback
                0x0000000008003f5c       0x14 ./Drivers/STM32L4xx_HAL_Driver/Src/stm32l4xx_hal_flash.o
                0x0000000008003f5c                HAL_FLASH_OperationErrorCallback
 .text.FLASH_PageErase
                0x0000000008003f70       0x6c ./Drivers/STM32L4xx_HAL_Driver/Src/stm32l4xx_hal_flash_ex.o
                0x0000000008003f70                FLASH_PageErase
 .text.FLASH_FlushCaches
                0x0000000008003fdc       0x94 ./Drivers/STM32L4xx_HAL_Driver/Src/stm32l4xx_hal_flash_ex.o
                0x0000000008003fdc                FLASH_FlushCaches
 .text.HAL_GPIO_Init
                0x0000000008004070      0x354 ./Drivers/STM32L4xx_HAL_Driver/Src/stm32l4xx_hal_gpio.o
                0x0000000008004070                HAL_GPIO_Init
 .text.HAL_GPIO_WritePin
                0x00000000080043c4       0x30 ./Drivers/STM32L4xx_HAL_Driver/Src/stm32l4xx_hal_gpio.o
                0x00000000080043c4                HAL_GPIO_WritePin
 .text.HAL_PWREx_GetVoltageRange
                0x00000000080043f4       0x1c ./Drivers/STM32L4xx_HAL_Driver/Src/stm32l4xx_hal_pwr_ex.o
                0x00000000080043f4                HAL_PWREx_GetVoltageRange
 .text.HAL_PWREx_ControlVoltageScaling
                0x0000000008004410       0xac ./Drivers/STM32L4xx_HAL_Driver/Src/stm32l4xx_hal_pwr_ex.o
                0x0000000008004410                HAL_PWREx_ControlVoltageScaling
 .text.HAL_RCC_OscConfig
                0x00000000080044bc      0x7b8 ./Drivers/STM32L4xx_HAL_Driver/Src/stm32l4xx_hal_rcc.o
                0x00000000080044bc                HAL_RCC_OscConfig
 .text.HAL_RCC_ClockConfig
                0x0000000008004c74      0x200 ./Drivers/STM32L4xx_HAL_Driver/Src/stm32l4xx_hal_rcc.o
                0x0000000008004c74                HAL_RCC_ClockConfig
 .text.HAL_RCC_GetSysClockFreq
                0x0000000008004e74      0x118 ./Drivers/STM32L4xx_HAL_Driver/Src/stm32l4xx_hal_rcc.o
                0x0000000008004e74                HAL_RCC_GetSysClockFreq
 .text.HAL_RCC_GetHCLKFreq
                0x0000000008004f8c       0x18 ./Drivers/STM32L4xx_HAL_Driver/Src/stm32l4xx_hal_rcc.o
                0x0000000008004f8c                HAL_RCC_GetHCLKFreq
 .text.HAL_RCC_GetPCLK1Freq
                0x0000000008004fa4       0x2c ./Drivers/STM32L4xx_HAL_Driver/Src/stm32l4xx_hal_rcc.o
                0x0000000008004fa4                HAL_RCC_GetPCLK1Freq
 .text.HAL_RCC_GetPCLK2Freq
                0x0000000008004fd0       0x2c ./Drivers/STM32L4xx_HAL_Driver/Src/stm32l4xx_hal_rcc.o
                0x0000000008004fd0                HAL_RCC_GetPCLK2Freq
 .text.RCC_SetFlashLatencyFromMSIRange
                0x0000000008004ffc       0xc0 ./Drivers/STM32L4xx_HAL_Driver/Src/stm32l4xx_hal_rcc.o
 .text.HAL_RCCEx_PeriphCLKConfig
                0x00000000080050bc      0x5d4 ./Drivers/STM32L4xx_HAL_Driver/Src/stm32l4xx_hal_rcc_ex.o
                0x00000000080050bc                HAL_RCCEx_PeriphCLKConfig
 .text.RCCEx_PLLSAI1_Config
                0x0000000008005690      0x1e8 ./Drivers/STM32L4xx_HAL_Driver/Src/stm32l4xx_hal_rcc_ex.o
 .text.RCCEx_PLLSAI2_Config
                0x0000000008005878      0x1bc ./Drivers/STM32L4xx_HAL_Driver/Src/stm32l4xx_hal_rcc_ex.o
 .text.HAL_TIM_Base_Init
                0x0000000008005a34       0xae ./Drivers/STM32L4xx_HAL_Driver/Src/stm32l4xx_hal_tim.o
                0x0000000008005a34                HAL_TIM_Base_Init
 .text.HAL_TIM_Base_DeInit
                0x0000000008005ae2       0xb8 ./Drivers/STM32L4xx_HAL_Driver/Src/stm32l4xx_hal_tim.o
                0x0000000008005ae2                HAL_TIM_Base_DeInit
 *fill*         0x0000000008005b9a        0x2 
 .text.HAL_TIM_Base_Start_IT
                0x0000000008005b9c       0xe0 ./Drivers/STM32L4xx_HAL_Driver/Src/stm32l4xx_hal_tim.o
                0x0000000008005b9c                HAL_TIM_Base_Start_IT
 .text.HAL_TIM_Base_Stop_IT
                0x0000000008005c7c       0x5e ./Drivers/STM32L4xx_HAL_Driver/Src/stm32l4xx_hal_tim.o
                0x0000000008005c7c                HAL_TIM_Base_Stop_IT
 .text.HAL_TIM_PWM_Init
                0x0000000008005cda       0xae ./Drivers/STM32L4xx_HAL_Driver/Src/stm32l4xx_hal_tim.o
                0x0000000008005cda                HAL_TIM_PWM_Init
 .text.HAL_TIM_PWM_Start
                0x0000000008005d88      0x20c ./Drivers/STM32L4xx_HAL_Driver/Src/stm32l4xx_hal_tim.o
                0x0000000008005d88                HAL_TIM_PWM_Start
 .text.HAL_TIM_IRQHandler
                0x0000000008005f94      0x204 ./Drivers/STM32L4xx_HAL_Driver/Src/stm32l4xx_hal_tim.o
                0x0000000008005f94                HAL_TIM_IRQHandler
 .text.HAL_TIM_PWM_ConfigChannel
                0x0000000008006198      0x228 ./Drivers/STM32L4xx_HAL_Driver/Src/stm32l4xx_hal_tim.o
                0x0000000008006198                HAL_TIM_PWM_ConfigChannel
 .text.HAL_TIM_OC_DelayElapsedCallback
                0x00000000080063c0       0x14 ./Drivers/STM32L4xx_HAL_Driver/Src/stm32l4xx_hal_tim.o
                0x00000000080063c0                HAL_TIM_OC_DelayElapsedCallback
 .text.HAL_TIM_IC_CaptureCallback
                0x00000000080063d4       0x14 ./Drivers/STM32L4xx_HAL_Driver/Src/stm32l4xx_hal_tim.o
                0x00000000080063d4                HAL_TIM_IC_CaptureCallback
 .text.HAL_TIM_PWM_PulseFinishedCallback
                0x00000000080063e8       0x14 ./Drivers/STM32L4xx_HAL_Driver/Src/stm32l4xx_hal_tim.o
                0x00000000080063e8                HAL_TIM_PWM_PulseFinishedCallback
 .text.HAL_TIM_TriggerCallback
                0x00000000080063fc       0x14 ./Drivers/STM32L4xx_HAL_Driver/Src/stm32l4xx_hal_tim.o
                0x00000000080063fc                HAL_TIM_TriggerCallback
 .text.TIM_Base_SetConfig
                0x0000000008006410      0x134 ./Drivers/STM32L4xx_HAL_Driver/Src/stm32l4xx_hal_tim.o
                0x0000000008006410                TIM_Base_SetConfig
 .text.TIM_OC1_SetConfig
                0x0000000008006544      0x120 ./Drivers/STM32L4xx_HAL_Driver/Src/stm32l4xx_hal_tim.o
 .text.TIM_OC2_SetConfig
                0x0000000008006664      0x114 ./Drivers/STM32L4xx_HAL_Driver/Src/stm32l4xx_hal_tim.o
                0x0000000008006664                TIM_OC2_SetConfig
 .text.TIM_OC3_SetConfig
                0x0000000008006778      0x110 ./Drivers/STM32L4xx_HAL_Driver/Src/stm32l4xx_hal_tim.o
 .text.TIM_OC4_SetConfig
                0x0000000008006888       0xd4 ./Drivers/STM32L4xx_HAL_Driver/Src/stm32l4xx_hal_tim.o
 .text.TIM_OC5_SetConfig
                0x000000000800695c       0xc8 ./Drivers/STM32L4xx_HAL_Driver/Src/stm32l4xx_hal_tim.o
 .text.TIM_OC6_SetConfig
                0x0000000008006a24       0xcc ./Drivers/STM32L4xx_HAL_Driver/Src/stm32l4xx_hal_tim.o
 .text.TIM_CCxChannelCmd
                0x0000000008006af0       0x4a ./Drivers/STM32L4xx_HAL_Driver/Src/stm32l4xx_hal_tim.o
                0x0000000008006af0                TIM_CCxChannelCmd
 *fill*         0x0000000008006b3a        0x2 
 .text.HAL_TIMEx_MasterConfigSynchronization
                0x0000000008006b3c      0x110 ./Drivers/STM32L4xx_HAL_Driver/Src/stm32l4xx_hal_tim_ex.o
                0x0000000008006b3c                HAL_TIMEx_MasterConfigSynchronization
 .text.HAL_TIMEx_ConfigBreakDeadTime
                0x0000000008006c4c       0xfc ./Drivers/STM32L4xx_HAL_Driver/Src/stm32l4xx_hal_tim_ex.o
                0x0000000008006c4c                HAL_TIMEx_ConfigBreakDeadTime
 .text.HAL_TIMEx_CommutCallback
                0x0000000008006d48       0x14 ./Drivers/STM32L4xx_HAL_Driver/Src/stm32l4xx_hal_tim_ex.o
                0x0000000008006d48                HAL_TIMEx_CommutCallback
 .text.HAL_TIMEx_BreakCallback
                0x0000000008006d5c       0x14 ./Drivers/STM32L4xx_HAL_Driver/Src/stm32l4xx_hal_tim_ex.o
                0x0000000008006d5c                HAL_TIMEx_BreakCallback
 .text.HAL_TIMEx_Break2Callback
                0x0000000008006d70       0x14 ./Drivers/STM32L4xx_HAL_Driver/Src/stm32l4xx_hal_tim_ex.o
                0x0000000008006d70                HAL_TIMEx_Break2Callback
 .text.HAL_UART_Init
                0x0000000008006d84       0x9c ./Drivers/STM32L4xx_HAL_Driver/Src/stm32l4xx_hal_uart.o
                0x0000000008006d84                HAL_UART_Init
 .text.HAL_UART_Transmit_IT
                0x0000000008006e20       0xbc ./Drivers/STM32L4xx_HAL_Driver/Src/stm32l4xx_hal_uart.o
                0x0000000008006e20                HAL_UART_Transmit_IT
 .text.HAL_UART_Receive_IT
                0x0000000008006edc       0x98 ./Drivers/STM32L4xx_HAL_Driver/Src/stm32l4xx_hal_uart.o
                0x0000000008006edc                HAL_UART_Receive_IT
 .text.HAL_UART_IRQHandler
                0x0000000008006f74      0x5d4 ./Drivers/STM32L4xx_HAL_Driver/Src/stm32l4xx_hal_uart.o
                0x0000000008006f74                HAL_UART_IRQHandler
 .text.HAL_UART_ErrorCallback
                0x0000000008007548       0x14 ./Drivers/STM32L4xx_HAL_Driver/Src/stm32l4xx_hal_uart.o
                0x0000000008007548                HAL_UART_ErrorCallback
 .text.HAL_UARTEx_RxEventCallback
                0x000000000800755c       0x18 ./Drivers/STM32L4xx_HAL_Driver/Src/stm32l4xx_hal_uart.o
                0x000000000800755c                HAL_UARTEx_RxEventCallback
 .text.UART_SetConfig
                0x0000000008007574      0x570 ./Drivers/STM32L4xx_HAL_Driver/Src/stm32l4xx_hal_uart.o
                0x0000000008007574                UART_SetConfig
 .text.UART_AdvFeatureConfig
                0x0000000008007ae4      0x144 ./Drivers/STM32L4xx_HAL_Driver/Src/stm32l4xx_hal_uart.o
                0x0000000008007ae4                UART_AdvFeatureConfig
 .text.UART_CheckIdleState
                0x0000000008007c28      0x150 ./Drivers/STM32L4xx_HAL_Driver/Src/stm32l4xx_hal_uart.o
                0x0000000008007c28                UART_CheckIdleState
 .text.UART_WaitOnFlagUntilTimeout
                0x0000000008007d78       0xce ./Drivers/STM32L4xx_HAL_Driver/Src/stm32l4xx_hal_uart.o
                0x0000000008007d78                UART_WaitOnFlagUntilTimeout
 *fill*         0x0000000008007e46        0x2 
 .text.UART_Start_Receive_IT
                0x0000000008007e48      0x18c ./Drivers/STM32L4xx_HAL_Driver/Src/stm32l4xx_hal_uart.o
                0x0000000008007e48                UART_Start_Receive_IT
 .text.UART_EndRxTransfer
                0x0000000008007fd4       0xc8 ./Drivers/STM32L4xx_HAL_Driver/Src/stm32l4xx_hal_uart.o
 .text.UART_DMAAbortOnError
                0x000000000800809c       0x2c ./Drivers/STM32L4xx_HAL_Driver/Src/stm32l4xx_hal_uart.o
 .text.UART_TxISR_8BIT
                0x00000000080080c8       0xb8 ./Drivers/STM32L4xx_HAL_Driver/Src/stm32l4xx_hal_uart.o
 .text.UART_TxISR_16BIT
                0x0000000008008180       0xc0 ./Drivers/STM32L4xx_HAL_Driver/Src/stm32l4xx_hal_uart.o
 .text.UART_EndTransmit_IT
                0x0000000008008240       0x54 ./Drivers/STM32L4xx_HAL_Driver/Src/stm32l4xx_hal_uart.o
 .text.UART_RxISR_8BIT
                0x0000000008008294      0x1bc ./Drivers/STM32L4xx_HAL_Driver/Src/stm32l4xx_hal_uart.o
 .text.UART_RxISR_16BIT
                0x0000000008008450      0x1bc ./Drivers/STM32L4xx_HAL_Driver/Src/stm32l4xx_hal_uart.o
 .text.HAL_UARTEx_WakeupCallback
                0x000000000800860c       0x14 ./Drivers/STM32L4xx_HAL_Driver/Src/stm32l4xx_hal_uart_ex.o
                0x000000000800860c                HAL_UARTEx_WakeupCallback
 .text.arm_rfft_32_fast_init_f32
                0x0000000008008620       0x34 E:\STM32 workspace\smart_metering\Drivers\CMSIS\Lib\GCC\libarm_cortexM4lf_math.a(arm_rfft_fast_init_f32.o)
                0x0000000008008620                arm_rfft_32_fast_init_f32
 .text.arm_rfft_64_fast_init_f32
                0x0000000008008654       0x34 E:\STM32 workspace\smart_metering\Drivers\CMSIS\Lib\GCC\libarm_cortexM4lf_math.a(arm_rfft_fast_init_f32.o)
                0x0000000008008654                arm_rfft_64_fast_init_f32
 .text.arm_rfft_256_fast_init_f32
                0x0000000008008688       0x38 E:\STM32 workspace\smart_metering\Drivers\CMSIS\Lib\GCC\libarm_cortexM4lf_math.a(arm_rfft_fast_init_f32.o)
                0x0000000008008688                arm_rfft_256_fast_init_f32
 .text.arm_rfft_512_fast_init_f32
                0x00000000080086c0       0x3c E:\STM32 workspace\smart_metering\Drivers\CMSIS\Lib\GCC\libarm_cortexM4lf_math.a(arm_rfft_fast_init_f32.o)
                0x00000000080086c0                arm_rfft_512_fast_init_f32
 .text.arm_rfft_1024_fast_init_f32
                0x00000000080086fc       0x3c E:\STM32 workspace\smart_metering\Drivers\CMSIS\Lib\GCC\libarm_cortexM4lf_math.a(arm_rfft_fast_init_f32.o)
                0x00000000080086fc                arm_rfft_1024_fast_init_f32
 .text.arm_rfft_2048_fast_init_f32
                0x0000000008008738       0x3c E:\STM32 workspace\smart_metering\Drivers\CMSIS\Lib\GCC\libarm_cortexM4lf_math.a(arm_rfft_fast_init_f32.o)
                0x0000000008008738                arm_rfft_2048_fast_init_f32
 .text.arm_rfft_4096_fast_init_f32
                0x0000000008008774       0x3c E:\STM32 workspace\smart_metering\Drivers\CMSIS\Lib\GCC\libarm_cortexM4lf_math.a(arm_rfft_fast_init_f32.o)
                0x0000000008008774                arm_rfft_4096_fast_init_f32
 .text.arm_rfft_fast_init_f32
                0x00000000080087b0       0x68 E:\STM32 workspace\smart_metering\Drivers\CMSIS\Lib\GCC\libarm_cortexM4lf_math.a(arm_rfft_fast_init_f32.o)
                0x00000000080087b0                arm_rfft_fast_init_f32
 .text.stage_rfft_f32
                0x0000000008008818       0xb4 E:\STM32 workspace\smart_metering\Drivers\CMSIS\Lib\GCC\libarm_cortexM4lf_math.a(arm_rfft_fast_f32.o)
                0x0000000008008818                stage_rfft_f32
 .text.merge_rfft_f32
                0x00000000080088cc       0xac E:\STM32 workspace\smart_metering\Drivers\CMSIS\Lib\GCC\libarm_cortexM4lf_math.a(arm_rfft_fast_f32.o)
                0x00000000080088cc                merge_rfft_f32
 .text.arm_rfft_fast_f32
                0x0000000008008978       0x40 E:\STM32 workspace\smart_metering\Drivers\CMSIS\Lib\GCC\libarm_cortexM4lf_math.a(arm_rfft_fast_f32.o)
                0x0000000008008978                arm_rfft_fast_f32
 .text.arm_cfft_radix8by2_f32
                0x00000000080089b8      0x1a0 E:\STM32 workspace\smart_metering\Drivers\CMSIS\Lib\GCC\libarm_cortexM4lf_math.a(arm_cfft_f32.o)
                0x00000000080089b8                arm_cfft_radix8by2_f32
 .text.arm_cfft_radix8by4_f32
                0x0000000008008b58      0x4ac E:\STM32 workspace\smart_metering\Drivers\CMSIS\Lib\GCC\libarm_cortexM4lf_math.a(arm_cfft_f32.o)
                0x0000000008008b58                arm_cfft_radix8by4_f32
 .text.arm_cfft_f32
                0x0000000008009004       0xf0 E:\STM32 workspace\smart_metering\Drivers\CMSIS\Lib\GCC\libarm_cortexM4lf_math.a(arm_cfft_f32.o)
                0x0000000008009004                arm_cfft_f32
 .text.arm_bitreversal_32
                0x00000000080090f4       0x40 E:\STM32 workspace\smart_metering\Drivers\CMSIS\Lib\GCC\libarm_cortexM4lf_math.a(arm_bitreversal2.o)
                0x00000000080090f4                arm_bitreversal_32
 .text.arm_radix8_butterfly_f32
                0x0000000008009134      0x580 E:\STM32 workspace\smart_metering\Drivers\CMSIS\Lib\GCC\libarm_cortexM4lf_math.a(arm_cfft_radix8_f32.o)
                0x0000000008009134                arm_radix8_butterfly_f32
 .text.memset   0x00000000080096b4       0x10 C:/ST/STM32CubeIDE_1.13.1/STM32CubeIDE/plugins/com.st.stm32cube.ide.mcu.externaltools.gnu-tools-for-stm32.11.3.rel1.win32_1.1.0.202305231506/tools/bin/../lib/gcc/arm-none-eabi/11.3.1/../../../../arm-none-eabi/lib/thumb/v7e-m+fp/hard\libc_nano.a(libc_a-memset.o)
                0x00000000080096b4                memset
 .text.__errno  0x00000000080096c4        0xc C:/ST/STM32CubeIDE_1.13.1/STM32CubeIDE/plugins/com.st.stm32cube.ide.mcu.externaltools.gnu-tools-for-stm32.11.3.rel1.win32_1.1.0.202305231506/tools/bin/../lib/gcc/arm-none-eabi/11.3.1/../../../../arm-none-eabi/lib/thumb/v7e-m+fp/hard\libc_nano.a(libc_a-errno.o)
                0x00000000080096c4                __errno
 .text.__libc_init_array
                0x00000000080096d0       0x48 C:/ST/STM32CubeIDE_1.13.1/STM32CubeIDE/plugins/com.st.stm32cube.ide.mcu.externaltools.gnu-tools-for-stm32.11.3.rel1.win32_1.1.0.202305231506/tools/bin/../lib/gcc/arm-none-eabi/11.3.1/../../../../arm-none-eabi/lib/thumb/v7e-m+fp/hard\libc_nano.a(libc_a-init.o)
                0x00000000080096d0                __libc_init_array
 .text.sqrt     0x0000000008009718       0x58 C:/ST/STM32CubeIDE_1.13.1/STM32CubeIDE/plugins/com.st.stm32cube.ide.mcu.externaltools.gnu-tools-for-stm32.11.3.rel1.win32_1.1.0.202305231506/tools/bin/../lib/gcc/arm-none-eabi/11.3.1/../../../../arm-none-eabi/lib/thumb/v7e-m+fp/hard\libm.a(libm_a-w_sqrt.o)
                0x0000000008009718                sqrt
 .text.sqrtf    0x0000000008009770       0x3c C:/ST/STM32CubeIDE_1.13.1/STM32CubeIDE/plugins/com.st.stm32cube.ide.mcu.externaltools.gnu-tools-for-stm32.11.3.rel1.win32_1.1.0.202305231506/tools/bin/../lib/gcc/arm-none-eabi/11.3.1/../../../../arm-none-eabi/lib/thumb/v7e-m+fp/hard\libm.a(libm_a-wf_sqrt.o)
                0x0000000008009770                sqrtf
 .text.__ieee754_sqrt
                0x00000000080097ac      0x1b4 C:/ST/STM32CubeIDE_1.13.1/STM32CubeIDE/plugins/com.st.stm32cube.ide.mcu.externaltools.gnu-tools-for-stm32.11.3.rel1.win32_1.1.0.202305231506/tools/bin/../lib/gcc/arm-none-eabi/11.3.1/../../../../arm-none-eabi/lib/thumb/v7e-m+fp/hard\libm.a(libm_a-e_sqrt.o)
                0x00000000080097ac                __ieee754_sqrt
 .text.__ieee754_sqrtf
                0x0000000008009960        0x6 C:/ST/STM32CubeIDE_1.13.1/STM32CubeIDE/plugins/com.st.stm32cube.ide.mcu.externaltools.gnu-tools-for-stm32.11.3.rel1.win32_1.1.0.202305231506/tools/bin/../lib/gcc/arm-none-eabi/11.3.1/../../../../arm-none-eabi/lib/thumb/v7e-m+fp/hard\libm.a(libm_a-ef_sqrt.o)
                0x0000000008009960                __ieee754_sqrtf
 *(.glue_7)
 .glue_7        0x0000000008009966        0x0 linker stubs
 *(.glue_7t)
 .glue_7t       0x0000000008009966        0x0 linker stubs
 *(.eh_frame)
 *fill*         0x0000000008009966        0x2 
 .eh_frame      0x0000000008009968        0x0 C:/ST/STM32CubeIDE_1.13.1/STM32CubeIDE/plugins/com.st.stm32cube.ide.mcu.externaltools.gnu-tools-for-stm32.11.3.rel1.win32_1.1.0.202305231506/tools/bin/../lib/gcc/arm-none-eabi/11.3.1/thumb/v7e-m+fp/hard/crtbegin.o
 *(.init)
 .init          0x0000000008009968        0x4 C:/ST/STM32CubeIDE_1.13.1/STM32CubeIDE/plugins/com.st.stm32cube.ide.mcu.externaltools.gnu-tools-for-stm32.11.3.rel1.win32_1.1.0.202305231506/tools/bin/../lib/gcc/arm-none-eabi/11.3.1/thumb/v7e-m+fp/hard/crti.o
                0x0000000008009968                _init
 .init          0x000000000800996c        0x8 C:/ST/STM32CubeIDE_1.13.1/STM32CubeIDE/plugins/com.st.stm32cube.ide.mcu.externaltools.gnu-tools-for-stm32.11.3.rel1.win32_1.1.0.202305231506/tools/bin/../lib/gcc/arm-none-eabi/11.3.1/thumb/v7e-m+fp/hard/crtn.o
 *(.fini)
 .fini          0x0000000008009974        0x4 C:/ST/STM32CubeIDE_1.13.1/STM32CubeIDE/plugins/com.st.stm32cube.ide.mcu.externaltools.gnu-tools-for-stm32.11.3.rel1.win32_1.1.0.202305231506/tools/bin/../lib/gcc/arm-none-eabi/11.3.1/thumb/v7e-m+fp/hard/crti.o
                0x0000000008009974                _fini
 .fini          0x0000000008009978        0x8 C:/ST/STM32CubeIDE_1.13.1/STM32CubeIDE/plugins/com.st.stm32cube.ide.mcu.externaltools.gnu-tools-for-stm32.11.3.rel1.win32_1.1.0.202305231506/tools/bin/../lib/gcc/arm-none-eabi/11.3.1/thumb/v7e-m+fp/hard/crtn.o
                0x0000000008009980                . = ALIGN (0x4)
                0x0000000008009980                _etext = .

.vfp11_veneer   0x0000000008009980        0x0
 .vfp11_veneer  0x0000000008009980        0x0 linker stubs

.v4_bx          0x0000000008009980        0x0
 .v4_bx         0x0000000008009980        0x0 linker stubs

.iplt           0x0000000008009980        0x0
 .iplt          0x0000000008009980        0x0 C:/ST/STM32CubeIDE_1.13.1/STM32CubeIDE/plugins/com.st.stm32cube.ide.mcu.externaltools.gnu-tools-for-stm32.11.3.rel1.win32_1.1.0.202305231506/tools/bin/../lib/gcc/arm-none-eabi/11.3.1/thumb/v7e-m+fp/hard/crtbegin.o

.rodata         0x0000000008009980    0x13030
                0x0000000008009980                . = ALIGN (0x4)
 *(.rodata)
 *(.rodata*)
 .rodata.AHBPrescTable
                0x0000000008009980       0x10 ./Core/Src/system_stm32l4xx.o
                0x0000000008009980                AHBPrescTable
 .rodata.APBPrescTable
                0x0000000008009990        0x8 ./Core/Src/system_stm32l4xx.o
                0x0000000008009990                APBPrescTable
 .rodata.MSIRangeTable
                0x0000000008009998       0x30 ./Core/Src/system_stm32l4xx.o
                0x0000000008009998                MSIRangeTable
 .rodata.armBitRevIndexTable1024
                0x00000000080099c8      0xe10 E:\STM32 workspace\smart_metering\Drivers\CMSIS\Lib\GCC\libarm_cortexM4lf_math.a(arm_common_tables.o)
                0x00000000080099c8                armBitRevIndexTable1024
 .rodata.armBitRevIndexTable128
                0x000000000800a7d8      0x1a0 E:\STM32 workspace\smart_metering\Drivers\CMSIS\Lib\GCC\libarm_cortexM4lf_math.a(arm_common_tables.o)
                0x000000000800a7d8                armBitRevIndexTable128
 .rodata.armBitRevIndexTable16
                0x000000000800a978       0x28 E:\STM32 workspace\smart_metering\Drivers\CMSIS\Lib\GCC\libarm_cortexM4lf_math.a(arm_common_tables.o)
                0x000000000800a978                armBitRevIndexTable16
 .rodata.armBitRevIndexTable2048
                0x000000000800a9a0     0x1dc0 E:\STM32 workspace\smart_metering\Drivers\CMSIS\Lib\GCC\libarm_cortexM4lf_math.a(arm_common_tables.o)
                0x000000000800a9a0                armBitRevIndexTable2048
 .rodata.armBitRevIndexTable256
                0x000000000800c760      0x370 E:\STM32 workspace\smart_metering\Drivers\CMSIS\Lib\GCC\libarm_cortexM4lf_math.a(arm_common_tables.o)
                0x000000000800c760                armBitRevIndexTable256
 .rodata.armBitRevIndexTable32
                0x000000000800cad0       0x60 E:\STM32 workspace\smart_metering\Drivers\CMSIS\Lib\GCC\libarm_cortexM4lf_math.a(arm_common_tables.o)
                0x000000000800cad0                armBitRevIndexTable32
 .rodata.armBitRevIndexTable512
                0x000000000800cb30      0x380 E:\STM32 workspace\smart_metering\Drivers\CMSIS\Lib\GCC\libarm_cortexM4lf_math.a(arm_common_tables.o)
                0x000000000800cb30                armBitRevIndexTable512
 .rodata.twiddleCoef_1024
                0x000000000800ceb0     0x2000 E:\STM32 workspace\smart_metering\Drivers\CMSIS\Lib\GCC\libarm_cortexM4lf_math.a(arm_common_tables.o)
                0x000000000800ceb0                twiddleCoef_1024
 .rodata.twiddleCoef_128
                0x000000000800eeb0      0x400 E:\STM32 workspace\smart_metering\Drivers\CMSIS\Lib\GCC\libarm_cortexM4lf_math.a(arm_common_tables.o)
                0x000000000800eeb0                twiddleCoef_128
 .rodata.twiddleCoef_16
                0x000000000800f2b0       0x80 E:\STM32 workspace\smart_metering\Drivers\CMSIS\Lib\GCC\libarm_cortexM4lf_math.a(arm_common_tables.o)
                0x000000000800f2b0                twiddleCoef_16
 .rodata.twiddleCoef_2048
                0x000000000800f330     0x4000 E:\STM32 workspace\smart_metering\Drivers\CMSIS\Lib\GCC\libarm_cortexM4lf_math.a(arm_common_tables.o)
                0x000000000800f330                twiddleCoef_2048
 .rodata.twiddleCoef_256
                0x0000000008013330      0x800 E:\STM32 workspace\smart_metering\Drivers\CMSIS\Lib\GCC\libarm_cortexM4lf_math.a(arm_common_tables.o)
                0x0000000008013330                twiddleCoef_256
 .rodata.twiddleCoef_32
                0x0000000008013b30      0x100 E:\STM32 workspace\smart_metering\Drivers\CMSIS\Lib\GCC\libarm_cortexM4lf_math.a(arm_common_tables.o)
                0x0000000008013b30                twiddleCoef_32
 .rodata.twiddleCoef_512
                0x0000000008013c30     0x1000 E:\STM32 workspace\smart_metering\Drivers\CMSIS\Lib\GCC\libarm_cortexM4lf_math.a(arm_common_tables.o)
                0x0000000008013c30                twiddleCoef_512
 .rodata.twiddleCoef_rfft_1024
                0x0000000008014c30     0x1000 E:\STM32 workspace\smart_metering\Drivers\CMSIS\Lib\GCC\libarm_cortexM4lf_math.a(arm_common_tables.o)
                0x0000000008014c30                twiddleCoef_rfft_1024
 .rodata.twiddleCoef_rfft_2048
                0x0000000008015c30     0x2000 E:\STM32 workspace\smart_metering\Drivers\CMSIS\Lib\GCC\libarm_cortexM4lf_math.a(arm_common_tables.o)
                0x0000000008015c30                twiddleCoef_rfft_2048
 .rodata.twiddleCoef_rfft_256
                0x0000000008017c30      0x400 E:\STM32 workspace\smart_metering\Drivers\CMSIS\Lib\GCC\libarm_cortexM4lf_math.a(arm_common_tables.o)
                0x0000000008017c30                twiddleCoef_rfft_256
 .rodata.twiddleCoef_rfft_32
                0x0000000008018030       0x80 E:\STM32 workspace\smart_metering\Drivers\CMSIS\Lib\GCC\libarm_cortexM4lf_math.a(arm_common_tables.o)
                0x0000000008018030                twiddleCoef_rfft_32
 .rodata.twiddleCoef_rfft_4096
                0x00000000080180b0     0x4000 E:\STM32 workspace\smart_metering\Drivers\CMSIS\Lib\GCC\libarm_cortexM4lf_math.a(arm_common_tables.o)
                0x00000000080180b0                twiddleCoef_rfft_4096
 .rodata.twiddleCoef_rfft_512
                0x000000000801c0b0      0x800 E:\STM32 workspace\smart_metering\Drivers\CMSIS\Lib\GCC\libarm_cortexM4lf_math.a(arm_common_tables.o)
                0x000000000801c0b0                twiddleCoef_rfft_512
 .rodata.twiddleCoef_rfft_64
                0x000000000801c8b0      0x100 E:\STM32 workspace\smart_metering\Drivers\CMSIS\Lib\GCC\libarm_cortexM4lf_math.a(arm_common_tables.o)
                0x000000000801c8b0                twiddleCoef_rfft_64
                0x000000000801c9b0                . = ALIGN (0x4)

.ARM.extab      0x000000000801c9b0        0x0
                0x000000000801c9b0                . = ALIGN (0x4)
 *(.ARM.extab* .gnu.linkonce.armextab.*)
                0x000000000801c9b0                . = ALIGN (0x4)

.ARM            0x000000000801c9b0        0x8
                0x000000000801c9b0                . = ALIGN (0x4)
                0x000000000801c9b0                __exidx_start = .
 *(.ARM.exidx*)
 .ARM.exidx     0x000000000801c9b0        0x8 C:/ST/STM32CubeIDE_1.13.1/STM32CubeIDE/plugins/com.st.stm32cube.ide.mcu.externaltools.gnu-tools-for-stm32.11.3.rel1.win32_1.1.0.202305231506/tools/bin/../lib/gcc/arm-none-eabi/11.3.1/thumb/v7e-m+fp/hard\libgcc.a(_udivmoddi4.o)
                0x000000000801c9b8                __exidx_end = .
                0x000000000801c9b8                . = ALIGN (0x4)

.rel.dyn        0x000000000801c9b8        0x0
 .rel.iplt      0x000000000801c9b8        0x0 C:/ST/STM32CubeIDE_1.13.1/STM32CubeIDE/plugins/com.st.stm32cube.ide.mcu.externaltools.gnu-tools-for-stm32.11.3.rel1.win32_1.1.0.202305231506/tools/bin/../lib/gcc/arm-none-eabi/11.3.1/thumb/v7e-m+fp/hard/crtbegin.o

.preinit_array  0x000000000801c9b8        0x0
                0x000000000801c9b8                . = ALIGN (0x4)
                0x000000000801c9b8                PROVIDE (__preinit_array_start = .)
 *(.preinit_array*)
                0x000000000801c9b8                PROVIDE (__preinit_array_end = .)
                0x000000000801c9b8                . = ALIGN (0x4)

.init_array     0x000000000801c9b8        0x4
                0x000000000801c9b8                . = ALIGN (0x4)
                0x000000000801c9b8                PROVIDE (__init_array_start = .)
 *(SORT_BY_NAME(.init_array.*))
 *(.init_array*)
 .init_array    0x000000000801c9b8        0x4 C:/ST/STM32CubeIDE_1.13.1/STM32CubeIDE/plugins/com.st.stm32cube.ide.mcu.externaltools.gnu-tools-for-stm32.11.3.rel1.win32_1.1.0.202305231506/tools/bin/../lib/gcc/arm-none-eabi/11.3.1/thumb/v7e-m+fp/hard/crtbegin.o
                0x000000000801c9bc                PROVIDE (__init_array_end = .)
                0x000000000801c9bc                . = ALIGN (0x4)

.fini_array     0x000000000801c9bc        0x4
                0x000000000801c9bc                . = ALIGN (0x4)
                [!provide]                        PROVIDE (__fini_array_start = .)
 *(SORT_BY_NAME(.fini_array.*))
 *(.fini_array*)
 .fini_array    0x000000000801c9bc        0x4 C:/ST/STM32CubeIDE_1.13.1/STM32CubeIDE/plugins/com.st.stm32cube.ide.mcu.externaltools.gnu-tools-for-stm32.11.3.rel1.win32_1.1.0.202305231506/tools/bin/../lib/gcc/arm-none-eabi/11.3.1/thumb/v7e-m+fp/hard/crtbegin.o
                [!provide]                        PROVIDE (__fini_array_end = .)
                0x000000000801c9c0                . = ALIGN (0x4)
                0x000000000801c9c0                _sidata = LOADADDR (.data)

.data           0x0000000020000000       0xa8 load address 0x000000000801c9c0
                0x0000000020000000                . = ALIGN (0x4)
                0x0000000020000000                _sdata = .
 *(.data)
 *(.data*)
 .data.Tx_frame
                0x0000000020000000       0x13 ./Core/Src/smart_metering.o
                0x0000000020000000                Tx_frame
 *fill*         0x0000000020000013        0x1 
 .data.SystemCoreClock
                0x0000000020000014        0x4 ./Core/Src/system_stm32l4xx.o
                0x0000000020000014                SystemCoreClock
 .data.Vbitvalue
                0x0000000020000018        0x4 ./Core/Src/vmm.o
                0x0000000020000018                Vbitvalue
 .data.uwTickPrio
                0x000000002000001c        0x4 ./Drivers/STM32L4xx_HAL_Driver/Src/stm32l4xx_hal.o
                0x000000002000001c                uwTickPrio
 .data.uwTickFreq
                0x0000000020000020        0x1 ./Drivers/STM32L4xx_HAL_Driver/Src/stm32l4xx_hal.o
                0x0000000020000020                uwTickFreq
 *fill*         0x0000000020000021        0x3 
 .data.pFlash   0x0000000020000024       0x20 ./Drivers/STM32L4xx_HAL_Driver/Src/stm32l4xx_hal_flash.o
                0x0000000020000024                pFlash
 .data._impure_data
                0x0000000020000044       0x4c C:/ST/STM32CubeIDE_1.13.1/STM32CubeIDE/plugins/com.st.stm32cube.ide.mcu.externaltools.gnu-tools-for-stm32.11.3.rel1.win32_1.1.0.202305231506/tools/bin/../lib/gcc/arm-none-eabi/11.3.1/../../../../arm-none-eabi/lib/thumb/v7e-m+fp/hard\libc_nano.a(libc_a-impure.o)
                0x0000000020000044                _impure_data
 .data._impure_ptr
                0x0000000020000090        0x4 C:/ST/STM32CubeIDE_1.13.1/STM32CubeIDE/plugins/com.st.stm32cube.ide.mcu.externaltools.gnu-tools-for-stm32.11.3.rel1.win32_1.1.0.202305231506/tools/bin/../lib/gcc/arm-none-eabi/11.3.1/../../../../arm-none-eabi/lib/thumb/v7e-m+fp/hard\libc_nano.a(libc_a-impure.o)
                0x0000000020000090                _impure_ptr
 *fill*         0x0000000020000094        0x4 
 .data.one      0x0000000020000098        0x8 C:/ST/STM32CubeIDE_1.13.1/STM32CubeIDE/plugins/com.st.stm32cube.ide.mcu.externaltools.gnu-tools-for-stm32.11.3.rel1.win32_1.1.0.202305231506/tools/bin/../lib/gcc/arm-none-eabi/11.3.1/../../../../arm-none-eabi/lib/thumb/v7e-m+fp/hard\libm.a(libm_a-e_sqrt.o)
 .data.tiny     0x00000000200000a0        0x8 C:/ST/STM32CubeIDE_1.13.1/STM32CubeIDE/plugins/com.st.stm32cube.ide.mcu.externaltools.gnu-tools-for-stm32.11.3.rel1.win32_1.1.0.202305231506/tools/bin/../lib/gcc/arm-none-eabi/11.3.1/../../../../arm-none-eabi/lib/thumb/v7e-m+fp/hard\libm.a(libm_a-e_sqrt.o)
 *(.RamFunc)
 *(.RamFunc*)
                0x00000000200000a8                . = ALIGN (0x4)
                0x00000000200000a8                _edata = .

.igot.plt       0x00000000200000a8        0x0 load address 0x000000000801ca68
 .igot.plt      0x00000000200000a8        0x0 C:/ST/STM32CubeIDE_1.13.1/STM32CubeIDE/plugins/com.st.stm32cube.ide.mcu.externaltools.gnu-tools-for-stm32.11.3.rel1.win32_1.1.0.202305231506/tools/bin/../lib/gcc/arm-none-eabi/11.3.1/thumb/v7e-m+fp/hard/crtbegin.o
                0x00000000200000a8                . = ALIGN (0x4)

.bss            0x00000000200000a8     0x9cec load address 0x000000000801ca68
                0x00000000200000a8                _sbss = .
                0x00000000200000a8                __bss_start__ = _sbss
 *(.bss)
 .bss           0x00000000200000a8       0x1c C:/ST/STM32CubeIDE_1.13.1/STM32CubeIDE/plugins/com.st.stm32cube.ide.mcu.externaltools.gnu-tools-for-stm32.11.3.rel1.win32_1.1.0.202305231506/tools/bin/../lib/gcc/arm-none-eabi/11.3.1/thumb/v7e-m+fp/hard/crtbegin.o
 *(.bss*)
 .bss.MB1_inbox
                0x00000000200000c4      0x109 ./Core/Src/MB.o
                0x00000000200000c4                MB1_inbox
 *fill*         0x00000000200001cd        0x3 
 .bss.MB1_outbox
                0x00000000200001d0      0x109 ./Core/Src/MB.o
                0x00000000200001d0                MB1_outbox
 *fill*         0x00000000200002d9        0x1 
 .bss.l_MB1_Rx_index
                0x00000000200002da        0x2 ./Core/Src/MB.o
                0x00000000200002da                l_MB1_Rx_index
 .bss.l_MB1_Tx_index
                0x00000000200002dc        0x2 ./Core/Src/MB.o
                0x00000000200002dc                l_MB1_Tx_index
 .bss.l_MB1_Tx_Count
                0x00000000200002de        0x2 ./Core/Src/MB.o
                0x00000000200002de                l_MB1_Tx_Count
 .bss.gl_MB1_ReceivedByteCount
                0x00000000200002e0        0x2 ./Core/Src/MB.o
                0x00000000200002e0                gl_MB1_ReceivedByteCount
 .bss.gl_MB1_ReceiveFrameComplete_Flag
                0x00000000200002e2        0x2 ./Core/Src/MB.o
                0x00000000200002e2                gl_MB1_ReceiveFrameComplete_Flag
 .bss.USART_2_HANDLE
                0x00000000200002e4       0x88 ./Core/Src/Usart.o
                0x00000000200002e4                USART_2_HANDLE
 .bss.USART_3_HANDLE
                0x000000002000036c       0x88 ./Core/Src/Usart.o
                0x000000002000036c                USART_3_HANDLE
 .bss.BP35C5_Inbox
                0x00000000200003f4       0xc8 ./Core/Src/call_back_functions.o
                0x00000000200003f4                BP35C5_Inbox
 .bss.rx_index  0x00000000200004bc        0x2 ./Core/Src/call_back_functions.o
                0x00000000200004bc                rx_index
 .bss.l_EOF_Rx_Flag
                0x00000000200004be        0x2 ./Core/Src/call_back_functions.o
                0x00000000200004be                l_EOF_Rx_Flag
 .bss.l_EOF_Tx_Flag
                0x00000000200004c0        0x2 ./Core/Src/call_back_functions.o
                0x00000000200004c0                l_EOF_Tx_Flag
 *fill*         0x00000000200004c2        0x2 
 .bss.hadc3     0x00000000200004c4       0x64 ./Core/Src/main.o
                0x00000000200004c4                hadc3
 .bss.hdma_adc3
                0x0000000020000528       0x48 ./Core/Src/main.o
                0x0000000020000528                hdma_adc3
 .bss.htim1     0x0000000020000570       0x4c ./Core/Src/main.o
                0x0000000020000570                htim1
 .bss.htim7     0x00000000200005bc       0x4c ./Core/Src/main.o
                0x00000000200005bc                htim7
 .bss.htim16    0x0000000020000608       0x4c ./Core/Src/main.o
                0x0000000020000608                htim16
 .bss.htim17    0x0000000020000654       0x4c ./Core/Src/main.o
                0x0000000020000654                htim17
 .bss.huart1    0x00000000200006a0       0x88 ./Core/Src/main.o
                0x00000000200006a0                huart1
 .bss.huart2    0x0000000020000728       0x88 ./Core/Src/main.o
                0x0000000020000728                huart2
 .bss.Rx_Data   0x00000000200007b0      0x109 ./Core/Src/main.o
                0x00000000200007b0                Rx_Data
 *fill*         0x00000000200008b9        0x3 
 .bss.Inbox     0x00000000200008bc        0xa ./Core/Src/main.o
                0x00000000200008bc                Inbox
 *fill*         0x00000000200008c6        0x2 
 .bss.array_U16bit
                0x00000000200008c8        0x2 ./Core/Src/smart_metering.o
                0x00000000200008c8                array_U16bit
 *fill*         0x00000000200008ca        0x2 
 .bss.array_U8bit
                0x00000000200008cc        0x1 ./Core/Src/smart_metering.o
                0x00000000200008cc                array_U8bit
 .bss.BP35C5_SendResponse_Flag
                0x00000000200008cd        0x1 ./Core/Src/smart_metering.o
                0x00000000200008cd                BP35C5_SendResponse_Flag
 .bss.BP35C5_RecieveQuery_Flag
                0x00000000200008ce        0x1 ./Core/Src/smart_metering.o
                0x00000000200008ce                BP35C5_RecieveQuery_Flag
 *fill*         0x00000000200008cf        0x1 
 .bss.input_register
                0x00000000200008d0      0x800 ./Core/Src/smart_metering.o
                0x00000000200008d0                input_register
 .bss.holding_register
                0x00000000200010d0      0x800 ./Core/Src/smart_metering.o
                0x00000000200010d0                holding_register
 .bss.coded_hex
                0x00000000200018d0       0x96 ./Core/Src/smart_metering.o
                0x00000000200018d0                coded_hex
 *fill*         0x0000000020001966        0x2 
 .bss.BP35C5_Outbox
                0x0000000020001968      0x1f4 ./Core/Src/smart_metering.o
                0x0000000020001968                BP35C5_Outbox
 .bss.tx_index  0x0000000020001b5c        0x4 ./Core/Src/smart_metering.o
                0x0000000020001b5c                tx_index
 .bss.Tx_ASCII_string
                0x0000000020001b60       0xc8 ./Core/Src/smart_metering.o
                0x0000000020001b60                Tx_ASCII_string
 .bss.fft_instance
                0x0000000020001c28       0x18 ./Core/Src/vmm.o
                0x0000000020001c28                fft_instance
 .bss.fft_status
                0x0000000020001c40        0x1 ./Core/Src/vmm.o
                0x0000000020001c40                fft_status
 *fill*         0x0000000020001c41        0x1 
 .bss.gl_ADC_samplingConv_Cmplt_flag
                0x0000000020001c42        0x2 ./Core/Src/vmm.o
                0x0000000020001c42                gl_ADC_samplingConv_Cmplt_flag
 .bss.ADC_Data  0x0000000020001c44     0x2000 ./Core/Src/vmm.o
                0x0000000020001c44                ADC_Data
 .bss.AC_average
                0x0000000020003c44     0x4000 ./Core/Src/vmm.o
                0x0000000020003c44                AC_average
 .bss.DC_offset
                0x0000000020007c44        0x4 ./Core/Src/vmm.o
                0x0000000020007c44                DC_offset
 .bss.final_VRMS
                0x0000000020007c48        0x4 ./Core/Src/vmm.o
                0x0000000020007c48                final_VRMS
 .bss.magnitude
                0x0000000020007c4c        0x4 ./Core/Src/vmm.o
                0x0000000020007c4c                magnitude
 .bss.FFT_VALUE
                0x0000000020007c50        0x4 ./Core/Src/vmm.o
                0x0000000020007c50                FFT_VALUE
 .bss.FFT_INPUT
                0x0000000020007c54        0x4 ./Core/Src/vmm.o
                0x0000000020007c54                FFT_INPUT
 .bss.FFT       0x0000000020007c58     0x2000 ./Core/Src/vmm.o
                0x0000000020007c58                FFT
 .bss.uwTick    0x0000000020009c58        0x4 ./Drivers/STM32L4xx_HAL_Driver/Src/stm32l4xx_hal.o
                0x0000000020009c58                uwTick
 .bss.__sf      0x0000000020009c5c      0x138 C:/ST/STM32CubeIDE_1.13.1/STM32CubeIDE/plugins/com.st.stm32cube.ide.mcu.externaltools.gnu-tools-for-stm32.11.3.rel1.win32_1.1.0.202305231506/tools/bin/../lib/gcc/arm-none-eabi/11.3.1/../../../../arm-none-eabi/lib/thumb/v7e-m+fp/hard\libc_nano.a(libc_a-findfp.o)
                0x0000000020009c5c                __sf
 *(COMMON)
                0x0000000020009d94                . = ALIGN (0x4)
                0x0000000020009d94                _ebss = .
                0x0000000020009d94                __bss_end__ = _ebss

._user_heap_stack
                0x0000000020009d94      0x604 load address 0x000000000801ca68
                0x0000000020009d98                . = ALIGN (0x8)
 *fill*         0x0000000020009d94        0x4 
                [!provide]                        PROVIDE (end = .)
                0x0000000020009d98                PROVIDE (_end = .)
                0x0000000020009f98                . = (. + _Min_Heap_Size)
 *fill*         0x0000000020009d98      0x200 
                0x000000002000a398                . = (. + _Min_Stack_Size)
 *fill*         0x0000000020009f98      0x400 
                0x000000002000a398                . = ALIGN (0x8)

/DISCARD/
 libc.a(*)
 libm.a(*)
 libgcc.a(*)

.buffer         0x0000000010000000     0x8000
                0x0000000010000000                . = ALIGN (0x2)
                0x0000000010000000                . = ABSOLUTE (0x10000000)
 *(.Buffer)
 .Buffer        0x0000000010000000     0x8000 ./Core/Src/vmm.o
                0x0000000010000000                fft_input_buffer
                0x0000000010004000                fft_output_buffer

.ARM.attributes
                0x0000000000000000       0x30
 *(.ARM.attributes)
 .ARM.attributes
                0x0000000000000000       0x1e C:/ST/STM32CubeIDE_1.13.1/STM32CubeIDE/plugins/com.st.stm32cube.ide.mcu.externaltools.gnu-tools-for-stm32.11.3.rel1.win32_1.1.0.202305231506/tools/bin/../lib/gcc/arm-none-eabi/11.3.1/thumb/v7e-m+fp/hard/crti.o
 .ARM.attributes
                0x000000000000001e       0x34 C:/ST/STM32CubeIDE_1.13.1/STM32CubeIDE/plugins/com.st.stm32cube.ide.mcu.externaltools.gnu-tools-for-stm32.11.3.rel1.win32_1.1.0.202305231506/tools/bin/../lib/gcc/arm-none-eabi/11.3.1/thumb/v7e-m+fp/hard/crtbegin.o
 .ARM.attributes
                0x0000000000000052       0x34 ./Core/Src/MB.o
 .ARM.attributes
                0x0000000000000086       0x34 ./Core/Src/Usart.o
 .ARM.attributes
                0x00000000000000ba       0x34 ./Core/Src/call_back_functions.o
 .ARM.attributes
                0x00000000000000ee       0x34 ./Core/Src/main.o
 .ARM.attributes
                0x0000000000000122       0x34 ./Core/Src/smart_metering.o
 .ARM.attributes
                0x0000000000000156       0x34 ./Core/Src/stm32l4xx_hal_msp.o
 .ARM.attributes
                0x000000000000018a       0x34 ./Core/Src/stm32l4xx_it.o
 .ARM.attributes
                0x00000000000001be       0x34 ./Core/Src/system_stm32l4xx.o
 .ARM.attributes
                0x00000000000001f2       0x34 ./Core/Src/vmm.o
 .ARM.attributes
                0x0000000000000226       0x21 ./Core/Startup/startup_stm32l476rgtx.o
 .ARM.attributes
                0x0000000000000247       0x34 ./Drivers/STM32L4xx_HAL_Driver/Src/stm32l4xx_hal.o
 .ARM.attributes
                0x000000000000027b       0x34 ./Drivers/STM32L4xx_HAL_Driver/Src/stm32l4xx_hal_adc.o
 .ARM.attributes
                0x00000000000002af       0x34 ./Drivers/STM32L4xx_HAL_Driver/Src/stm32l4xx_hal_cortex.o
 .ARM.attributes
                0x00000000000002e3       0x34 ./Drivers/STM32L4xx_HAL_Driver/Src/stm32l4xx_hal_dma.o
 .ARM.attributes
                0x0000000000000317       0x34 ./Drivers/STM32L4xx_HAL_Driver/Src/stm32l4xx_hal_flash.o
 .ARM.attributes
                0x000000000000034b       0x34 ./Drivers/STM32L4xx_HAL_Driver/Src/stm32l4xx_hal_flash_ex.o
 .ARM.attributes
                0x000000000000037f       0x34 ./Drivers/STM32L4xx_HAL_Driver/Src/stm32l4xx_hal_gpio.o
 .ARM.attributes
                0x00000000000003b3       0x34 ./Drivers/STM32L4xx_HAL_Driver/Src/stm32l4xx_hal_pwr_ex.o
 .ARM.attributes
                0x00000000000003e7       0x34 ./Drivers/STM32L4xx_HAL_Driver/Src/stm32l4xx_hal_rcc.o
 .ARM.attributes
                0x000000000000041b       0x34 ./Drivers/STM32L4xx_HAL_Driver/Src/stm32l4xx_hal_rcc_ex.o
 .ARM.attributes
                0x000000000000044f       0x34 ./Drivers/STM32L4xx_HAL_Driver/Src/stm32l4xx_hal_tim.o
 .ARM.attributes
                0x0000000000000483       0x34 ./Drivers/STM32L4xx_HAL_Driver/Src/stm32l4xx_hal_tim_ex.o
 .ARM.attributes
                0x00000000000004b7       0x34 ./Drivers/STM32L4xx_HAL_Driver/Src/stm32l4xx_hal_uart.o
 .ARM.attributes
                0x00000000000004eb       0x34 ./Drivers/STM32L4xx_HAL_Driver/Src/stm32l4xx_hal_uart_ex.o
 .ARM.attributes
                0x000000000000051f       0x34 E:\STM32 workspace\smart_metering\Drivers\CMSIS\Lib\GCC\libarm_cortexM4lf_math.a(arm_rfft_fast_init_f32.o)
 .ARM.attributes
                0x0000000000000553       0x34 E:\STM32 workspace\smart_metering\Drivers\CMSIS\Lib\GCC\libarm_cortexM4lf_math.a(arm_rfft_fast_f32.o)
 .ARM.attributes
                0x0000000000000587       0x34 E:\STM32 workspace\smart_metering\Drivers\CMSIS\Lib\GCC\libarm_cortexM4lf_math.a(arm_cfft_f32.o)
 .ARM.attributes
                0x00000000000005bb       0x34 E:\STM32 workspace\smart_metering\Drivers\CMSIS\Lib\GCC\libarm_cortexM4lf_math.a(arm_bitreversal2.o)
 .ARM.attributes
                0x00000000000005ef       0x39 E:\STM32 workspace\smart_metering\Drivers\CMSIS\Lib\GCC\libarm_cortexM4lf_math.a(arm_common_tables.o)
 .ARM.attributes
                0x0000000000000628       0x34 E:\STM32 workspace\smart_metering\Drivers\CMSIS\Lib\GCC\libarm_cortexM4lf_math.a(arm_cfft_radix8_f32.o)
 .ARM.attributes
                0x000000000000065c       0x34 C:/ST/STM32CubeIDE_1.13.1/STM32CubeIDE/plugins/com.st.stm32cube.ide.mcu.externaltools.gnu-tools-for-stm32.11.3.rel1.win32_1.1.0.202305231506/tools/bin/../lib/gcc/arm-none-eabi/11.3.1/../../../../arm-none-eabi/lib/thumb/v7e-m+fp/hard\libc_nano.a(libc_a-findfp.o)
 .ARM.attributes
                0x0000000000000690       0x34 C:/ST/STM32CubeIDE_1.13.1/STM32CubeIDE/plugins/com.st.stm32cube.ide.mcu.externaltools.gnu-tools-for-stm32.11.3.rel1.win32_1.1.0.202305231506/tools/bin/../lib/gcc/arm-none-eabi/11.3.1/../../../../arm-none-eabi/lib/thumb/v7e-m+fp/hard\libc_nano.a(libc_a-memset.o)
 .ARM.attributes
                0x00000000000006c4       0x34 C:/ST/STM32CubeIDE_1.13.1/STM32CubeIDE/plugins/com.st.stm32cube.ide.mcu.externaltools.gnu-tools-for-stm32.11.3.rel1.win32_1.1.0.202305231506/tools/bin/../lib/gcc/arm-none-eabi/11.3.1/../../../../arm-none-eabi/lib/thumb/v7e-m+fp/hard\libc_nano.a(libc_a-impure.o)
 .ARM.attributes
                0x00000000000006f8       0x34 C:/ST/STM32CubeIDE_1.13.1/STM32CubeIDE/plugins/com.st.stm32cube.ide.mcu.externaltools.gnu-tools-for-stm32.11.3.rel1.win32_1.1.0.202305231506/tools/bin/../lib/gcc/arm-none-eabi/11.3.1/../../../../arm-none-eabi/lib/thumb/v7e-m+fp/hard\libc_nano.a(libc_a-errno.o)
 .ARM.attributes
                0x000000000000072c       0x34 C:/ST/STM32CubeIDE_1.13.1/STM32CubeIDE/plugins/com.st.stm32cube.ide.mcu.externaltools.gnu-tools-for-stm32.11.3.rel1.win32_1.1.0.202305231506/tools/bin/../lib/gcc/arm-none-eabi/11.3.1/../../../../arm-none-eabi/lib/thumb/v7e-m+fp/hard\libc_nano.a(libc_a-init.o)
 .ARM.attributes
                0x0000000000000760       0x34 C:/ST/STM32CubeIDE_1.13.1/STM32CubeIDE/plugins/com.st.stm32cube.ide.mcu.externaltools.gnu-tools-for-stm32.11.3.rel1.win32_1.1.0.202305231506/tools/bin/../lib/gcc/arm-none-eabi/11.3.1/../../../../arm-none-eabi/lib/thumb/v7e-m+fp/hard\libm.a(libm_a-w_sqrt.o)
 .ARM.attributes
                0x0000000000000794       0x34 C:/ST/STM32CubeIDE_1.13.1/STM32CubeIDE/plugins/com.st.stm32cube.ide.mcu.externaltools.gnu-tools-for-stm32.11.3.rel1.win32_1.1.0.202305231506/tools/bin/../lib/gcc/arm-none-eabi/11.3.1/../../../../arm-none-eabi/lib/thumb/v7e-m+fp/hard\libm.a(libm_a-wf_sqrt.o)
 .ARM.attributes
                0x00000000000007c8       0x34 C:/ST/STM32CubeIDE_1.13.1/STM32CubeIDE/plugins/com.st.stm32cube.ide.mcu.externaltools.gnu-tools-for-stm32.11.3.rel1.win32_1.1.0.202305231506/tools/bin/../lib/gcc/arm-none-eabi/11.3.1/../../../../arm-none-eabi/lib/thumb/v7e-m+fp/hard\libm.a(libm_a-e_sqrt.o)
 .ARM.attributes
                0x00000000000007fc       0x34 C:/ST/STM32CubeIDE_1.13.1/STM32CubeIDE/plugins/com.st.stm32cube.ide.mcu.externaltools.gnu-tools-for-stm32.11.3.rel1.win32_1.1.0.202305231506/tools/bin/../lib/gcc/arm-none-eabi/11.3.1/../../../../arm-none-eabi/lib/thumb/v7e-m+fp/hard\libm.a(libm_a-ef_sqrt.o)
 .ARM.attributes
                0x0000000000000830       0x1e C:/ST/STM32CubeIDE_1.13.1/STM32CubeIDE/plugins/com.st.stm32cube.ide.mcu.externaltools.gnu-tools-for-stm32.11.3.rel1.win32_1.1.0.202305231506/tools/bin/../lib/gcc/arm-none-eabi/11.3.1/thumb/v7e-m+fp/hard\libgcc.a(_arm_addsubdf3.o)
 .ARM.attributes
                0x000000000000084e       0x1e C:/ST/STM32CubeIDE_1.13.1/STM32CubeIDE/plugins/com.st.stm32cube.ide.mcu.externaltools.gnu-tools-for-stm32.11.3.rel1.win32_1.1.0.202305231506/tools/bin/../lib/gcc/arm-none-eabi/11.3.1/thumb/v7e-m+fp/hard\libgcc.a(_arm_muldivdf3.o)
 .ARM.attributes
                0x000000000000086c       0x1e C:/ST/STM32CubeIDE_1.13.1/STM32CubeIDE/plugins/com.st.stm32cube.ide.mcu.externaltools.gnu-tools-for-stm32.11.3.rel1.win32_1.1.0.202305231506/tools/bin/../lib/gcc/arm-none-eabi/11.3.1/thumb/v7e-m+fp/hard\libgcc.a(_arm_cmpdf2.o)
 .ARM.attributes
                0x000000000000088a       0x1e C:/ST/STM32CubeIDE_1.13.1/STM32CubeIDE/plugins/com.st.stm32cube.ide.mcu.externaltools.gnu-tools-for-stm32.11.3.rel1.win32_1.1.0.202305231506/tools/bin/../lib/gcc/arm-none-eabi/11.3.1/thumb/v7e-m+fp/hard\libgcc.a(_arm_unorddf2.o)
 .ARM.attributes
                0x00000000000008a8       0x1e C:/ST/STM32CubeIDE_1.13.1/STM32CubeIDE/plugins/com.st.stm32cube.ide.mcu.externaltools.gnu-tools-for-stm32.11.3.rel1.win32_1.1.0.202305231506/tools/bin/../lib/gcc/arm-none-eabi/11.3.1/thumb/v7e-m+fp/hard\libgcc.a(_arm_truncdfsf2.o)
 .ARM.attributes
                0x00000000000008c6       0x1e C:/ST/STM32CubeIDE_1.13.1/STM32CubeIDE/plugins/com.st.stm32cube.ide.mcu.externaltools.gnu-tools-for-stm32.11.3.rel1.win32_1.1.0.202305231506/tools/bin/../lib/gcc/arm-none-eabi/11.3.1/thumb/v7e-m+fp/hard\libgcc.a(_aeabi_uldivmod.o)
 .ARM.attributes
                0x00000000000008e4       0x34 C:/ST/STM32CubeIDE_1.13.1/STM32CubeIDE/plugins/com.st.stm32cube.ide.mcu.externaltools.gnu-tools-for-stm32.11.3.rel1.win32_1.1.0.202305231506/tools/bin/../lib/gcc/arm-none-eabi/11.3.1/thumb/v7e-m+fp/hard\libgcc.a(_udivmoddi4.o)
 .ARM.attributes
                0x0000000000000918       0x1e C:/ST/STM32CubeIDE_1.13.1/STM32CubeIDE/plugins/com.st.stm32cube.ide.mcu.externaltools.gnu-tools-for-stm32.11.3.rel1.win32_1.1.0.202305231506/tools/bin/../lib/gcc/arm-none-eabi/11.3.1/thumb/v7e-m+fp/hard\libgcc.a(_dvmd_tls.o)
 .ARM.attributes
                0x0000000000000936       0x1e C:/ST/STM32CubeIDE_1.13.1/STM32CubeIDE/plugins/com.st.stm32cube.ide.mcu.externaltools.gnu-tools-for-stm32.11.3.rel1.win32_1.1.0.202305231506/tools/bin/../lib/gcc/arm-none-eabi/11.3.1/thumb/v7e-m+fp/hard/crtn.o
OUTPUT(smart_metering.elf elf32-littlearm)
LOAD linker stubs
LOAD C:/ST/STM32CubeIDE_1.13.1/STM32CubeIDE/plugins/com.st.stm32cube.ide.mcu.externaltools.gnu-tools-for-stm32.11.3.rel1.win32_1.1.0.202305231506/tools/bin/../lib/gcc/arm-none-eabi/11.3.1/../../../../arm-none-eabi/lib/thumb/v7e-m+fp/hard\libc.a
LOAD C:/ST/STM32CubeIDE_1.13.1/STM32CubeIDE/plugins/com.st.stm32cube.ide.mcu.externaltools.gnu-tools-for-stm32.11.3.rel1.win32_1.1.0.202305231506/tools/bin/../lib/gcc/arm-none-eabi/11.3.1/../../../../arm-none-eabi/lib/thumb/v7e-m+fp/hard\libm.a
LOAD C:/ST/STM32CubeIDE_1.13.1/STM32CubeIDE/plugins/com.st.stm32cube.ide.mcu.externaltools.gnu-tools-for-stm32.11.3.rel1.win32_1.1.0.202305231506/tools/bin/../lib/gcc/arm-none-eabi/11.3.1/thumb/v7e-m+fp/hard\libgcc.a

.comment        0x0000000000000000       0xb8
 .comment       0x0000000000000000       0x43 C:/ST/STM32CubeIDE_1.13.1/STM32CubeIDE/plugins/com.st.stm32cube.ide.mcu.externaltools.gnu-tools-for-stm32.11.3.rel1.win32_1.1.0.202305231506/tools/bin/../lib/gcc/arm-none-eabi/11.3.1/thumb/v7e-m+fp/hard/crtbegin.o
                                         0x44 (size before relaxing)
 .comment       0x0000000000000043       0x44 ./Core/Src/MB.o
 .comment       0x0000000000000043       0x44 ./Core/Src/Usart.o
 .comment       0x0000000000000043       0x44 ./Core/Src/call_back_functions.o
 .comment       0x0000000000000043       0x44 ./Core/Src/main.o
 .comment       0x0000000000000043       0x44 ./Core/Src/smart_metering.o
 .comment       0x0000000000000043       0x44 ./Core/Src/stm32l4xx_hal_msp.o
 .comment       0x0000000000000043       0x44 ./Core/Src/stm32l4xx_it.o
 .comment       0x0000000000000043       0x44 ./Core/Src/system_stm32l4xx.o
 .comment       0x0000000000000043       0x44 ./Core/Src/vmm.o
 .comment       0x0000000000000043       0x44 ./Drivers/STM32L4xx_HAL_Driver/Src/stm32l4xx_hal.o
 .comment       0x0000000000000043       0x44 ./Drivers/STM32L4xx_HAL_Driver/Src/stm32l4xx_hal_adc.o
 .comment       0x0000000000000043       0x44 ./Drivers/STM32L4xx_HAL_Driver/Src/stm32l4xx_hal_cortex.o
 .comment       0x0000000000000043       0x44 ./Drivers/STM32L4xx_HAL_Driver/Src/stm32l4xx_hal_dma.o
 .comment       0x0000000000000043       0x44 ./Drivers/STM32L4xx_HAL_Driver/Src/stm32l4xx_hal_flash.o
 .comment       0x0000000000000043       0x44 ./Drivers/STM32L4xx_HAL_Driver/Src/stm32l4xx_hal_flash_ex.o
 .comment       0x0000000000000043       0x44 ./Drivers/STM32L4xx_HAL_Driver/Src/stm32l4xx_hal_gpio.o
 .comment       0x0000000000000043       0x44 ./Drivers/STM32L4xx_HAL_Driver/Src/stm32l4xx_hal_pwr_ex.o
 .comment       0x0000000000000043       0x44 ./Drivers/STM32L4xx_HAL_Driver/Src/stm32l4xx_hal_rcc.o
 .comment       0x0000000000000043       0x44 ./Drivers/STM32L4xx_HAL_Driver/Src/stm32l4xx_hal_rcc_ex.o
 .comment       0x0000000000000043       0x44 ./Drivers/STM32L4xx_HAL_Driver/Src/stm32l4xx_hal_tim.o
 .comment       0x0000000000000043       0x44 ./Drivers/STM32L4xx_HAL_Driver/Src/stm32l4xx_hal_tim_ex.o
 .comment       0x0000000000000043       0x44 ./Drivers/STM32L4xx_HAL_Driver/Src/stm32l4xx_hal_uart.o
 .comment       0x0000000000000043       0x44 ./Drivers/STM32L4xx_HAL_Driver/Src/stm32l4xx_hal_uart_ex.o
 .comment       0x0000000000000043       0x75 E:\STM32 workspace\smart_metering\Drivers\CMSIS\Lib\GCC\libarm_cortexM4lf_math.a(arm_rfft_fast_init_f32.o)
                                         0x76 (size before relaxing)
 .comment       0x00000000000000b8       0x76 E:\STM32 workspace\smart_metering\Drivers\CMSIS\Lib\GCC\libarm_cortexM4lf_math.a(arm_rfft_fast_f32.o)
 .comment       0x00000000000000b8       0x76 E:\STM32 workspace\smart_metering\Drivers\CMSIS\Lib\GCC\libarm_cortexM4lf_math.a(arm_cfft_f32.o)
 .comment       0x00000000000000b8       0x76 E:\STM32 workspace\smart_metering\Drivers\CMSIS\Lib\GCC\libarm_cortexM4lf_math.a(arm_bitreversal2.o)
 .comment       0x00000000000000b8       0x76 E:\STM32 workspace\smart_metering\Drivers\CMSIS\Lib\GCC\libarm_cortexM4lf_math.a(arm_common_tables.o)
 .comment       0x00000000000000b8       0x76 E:\STM32 workspace\smart_metering\Drivers\CMSIS\Lib\GCC\libarm_cortexM4lf_math.a(arm_cfft_radix8_f32.o)

.debug_info     0x0000000000000000    0x2147a
 .debug_info    0x0000000000000000     0x1313 ./Core/Src/MB.o
 .debug_info    0x0000000000001313      0xf83 ./Core/Src/Usart.o
 .debug_info    0x0000000000002296     0x106e ./Core/Src/call_back_functions.o
 .debug_info    0x0000000000003304     0x1cc3 ./Core/Src/main.o
 .debug_info    0x0000000000004fc7      0xda2 ./Core/Src/smart_metering.o
 .debug_info    0x0000000000005d69     0x1946 ./Core/Src/stm32l4xx_hal_msp.o
 .debug_info    0x00000000000076af      0xb67 ./Core/Src/stm32l4xx_it.o
 .debug_info    0x0000000000008216      0x5b1 ./Core/Src/system_stm32l4xx.o
 .debug_info    0x00000000000087c7      0x4e9 ./Core/Src/vmm.o
 .debug_info    0x0000000000008cb0       0x23 ./Core/Startup/startup_stm32l476rgtx.o
 .debug_info    0x0000000000008cd3      0xc09 ./Drivers/STM32L4xx_HAL_Driver/Src/stm32l4xx_hal.o
 .debug_info    0x00000000000098dc     0x1db8 ./Drivers/STM32L4xx_HAL_Driver/Src/stm32l4xx_hal_adc.o
 .debug_info    0x000000000000b694      0xd4c ./Drivers/STM32L4xx_HAL_Driver/Src/stm32l4xx_hal_cortex.o
 .debug_info    0x000000000000c3e0      0x6f4 ./Drivers/STM32L4xx_HAL_Driver/Src/stm32l4xx_hal_dma.o
 .debug_info    0x000000000000cad4      0x6ad ./Drivers/STM32L4xx_HAL_Driver/Src/stm32l4xx_hal_flash.o
 .debug_info    0x000000000000d181      0x825 ./Drivers/STM32L4xx_HAL_Driver/Src/stm32l4xx_hal_flash_ex.o
 .debug_info    0x000000000000d9a6      0x757 ./Drivers/STM32L4xx_HAL_Driver/Src/stm32l4xx_hal_gpio.o
 .debug_info    0x000000000000e0fd      0x99e ./Drivers/STM32L4xx_HAL_Driver/Src/stm32l4xx_hal_pwr_ex.o
 .debug_info    0x000000000000ea9b      0xc14 ./Drivers/STM32L4xx_HAL_Driver/Src/stm32l4xx_hal_rcc.o
 .debug_info    0x000000000000f6af      0xe11 ./Drivers/STM32L4xx_HAL_Driver/Src/stm32l4xx_hal_rcc_ex.o
 .debug_info    0x00000000000104c0     0x2a9a ./Drivers/STM32L4xx_HAL_Driver/Src/stm32l4xx_hal_tim.o
 .debug_info    0x0000000000012f5a     0x169e ./Drivers/STM32L4xx_HAL_Driver/Src/stm32l4xx_hal_tim_ex.o
 .debug_info    0x00000000000145f8     0x3b69 ./Drivers/STM32L4xx_HAL_Driver/Src/stm32l4xx_hal_uart.o
 .debug_info    0x0000000000018161      0xdff ./Drivers/STM32L4xx_HAL_Driver/Src/stm32l4xx_hal_uart_ex.o
 .debug_info    0x0000000000018f60     0x192a E:\STM32 workspace\smart_metering\Drivers\CMSIS\Lib\GCC\libarm_cortexM4lf_math.a(arm_rfft_fast_init_f32.o)
 .debug_info    0x000000000001a88a      0xf91 E:\STM32 workspace\smart_metering\Drivers\CMSIS\Lib\GCC\libarm_cortexM4lf_math.a(arm_rfft_fast_f32.o)
 .debug_info    0x000000000001b81b     0x1c5b E:\STM32 workspace\smart_metering\Drivers\CMSIS\Lib\GCC\libarm_cortexM4lf_math.a(arm_cfft_f32.o)
 .debug_info    0x000000000001d476     0x16a6 E:\STM32 workspace\smart_metering\Drivers\CMSIS\Lib\GCC\libarm_cortexM4lf_math.a(arm_bitreversal2.o)
 .debug_info    0x000000000001eb1c     0x1a84 E:\STM32 workspace\smart_metering\Drivers\CMSIS\Lib\GCC\libarm_cortexM4lf_math.a(arm_common_tables.o)
 .debug_info    0x00000000000205a0      0xeda E:\STM32 workspace\smart_metering\Drivers\CMSIS\Lib\GCC\libarm_cortexM4lf_math.a(arm_cfft_radix8_f32.o)

.debug_abbrev   0x0000000000000000     0x469e
 .debug_abbrev  0x0000000000000000      0x317 ./Core/Src/MB.o
 .debug_abbrev  0x0000000000000317      0x279 ./Core/Src/Usart.o
 .debug_abbrev  0x0000000000000590      0x226 ./Core/Src/call_back_functions.o
 .debug_abbrev  0x00000000000007b6      0x31b ./Core/Src/main.o
 .debug_abbrev  0x0000000000000ad1      0x328 ./Core/Src/smart_metering.o
 .debug_abbrev  0x0000000000000df9      0x25e ./Core/Src/stm32l4xx_hal_msp.o
 .debug_abbrev  0x0000000000001057      0x1b7 ./Core/Src/stm32l4xx_it.o
 .debug_abbrev  0x000000000000120e      0x11a ./Core/Src/system_stm32l4xx.o
 .debug_abbrev  0x0000000000001328      0x1ec ./Core/Src/vmm.o
 .debug_abbrev  0x0000000000001514       0x12 ./Core/Startup/startup_stm32l476rgtx.o
 .debug_abbrev  0x0000000000001526      0x243 ./Drivers/STM32L4xx_HAL_Driver/Src/stm32l4xx_hal.o
 .debug_abbrev  0x0000000000001769      0x2de ./Drivers/STM32L4xx_HAL_Driver/Src/stm32l4xx_hal_adc.o
 .debug_abbrev  0x0000000000001a47      0x327 ./Drivers/STM32L4xx_HAL_Driver/Src/stm32l4xx_hal_cortex.o
 .debug_abbrev  0x0000000000001d6e      0x1e4 ./Drivers/STM32L4xx_HAL_Driver/Src/stm32l4xx_hal_dma.o
 .debug_abbrev  0x0000000000001f52      0x324 ./Drivers/STM32L4xx_HAL_Driver/Src/stm32l4xx_hal_flash.o
 .debug_abbrev  0x0000000000002276      0x244 ./Drivers/STM32L4xx_HAL_Driver/Src/stm32l4xx_hal_flash_ex.o
 .debug_abbrev  0x00000000000024ba      0x1cb ./Drivers/STM32L4xx_HAL_Driver/Src/stm32l4xx_hal_gpio.o
 .debug_abbrev  0x0000000000002685      0x1f9 ./Drivers/STM32L4xx_HAL_Driver/Src/stm32l4xx_hal_pwr_ex.o
 .debug_abbrev  0x000000000000287e      0x2cb ./Drivers/STM32L4xx_HAL_Driver/Src/stm32l4xx_hal_rcc.o
 .debug_abbrev  0x0000000000002b49      0x2a6 ./Drivers/STM32L4xx_HAL_Driver/Src/stm32l4xx_hal_rcc_ex.o
 .debug_abbrev  0x0000000000002def      0x278 ./Drivers/STM32L4xx_HAL_Driver/Src/stm32l4xx_hal_tim.o
 .debug_abbrev  0x0000000000003067      0x283 ./Drivers/STM32L4xx_HAL_Driver/Src/stm32l4xx_hal_tim_ex.o
 .debug_abbrev  0x00000000000032ea      0x2d0 ./Drivers/STM32L4xx_HAL_Driver/Src/stm32l4xx_hal_uart.o
 .debug_abbrev  0x00000000000035ba      0x2be ./Drivers/STM32L4xx_HAL_Driver/Src/stm32l4xx_hal_uart_ex.o
 .debug_abbrev  0x0000000000003878      0x2a0 E:\STM32 workspace\smart_metering\Drivers\CMSIS\Lib\GCC\libarm_cortexM4lf_math.a(arm_rfft_fast_init_f32.o)
 .debug_abbrev  0x0000000000003b18      0x2b8 E:\STM32 workspace\smart_metering\Drivers\CMSIS\Lib\GCC\libarm_cortexM4lf_math.a(arm_rfft_fast_f32.o)